// Jest Snapshot v1, https://goo.gl/fbAQLP

exports[`renders demo correctly 1`] = `
<div>
  <div>
    <div class="ghb-cell-group ghb-hairline--top-bottom">
      <div class="ghb-cell ghb-field">
        <div class="ghb-cell__title ghb-field__label"><span>文本</span></div>
        <div class="ghb-cell__value ghb-field__value">
          <div class="ghb-field__body"><input type="text" placeholder="请输入文本" class="ghb-field__control"></div>
        </div>
      </div>
    </div>
  </div>
  <div>
    <div class="ghb-cell ghb-field">
      <div class="ghb-cell__title ghb-field__label"><span>文本</span></div>
      <div class="ghb-cell__value ghb-field__value">
        <div class="ghb-field__body"><input type="text" placeholder="请输入文本" class="ghb-field__control"></div>
      </div>
    </div>
    <div class="ghb-cell ghb-field">
      <div class="ghb-cell__title ghb-field__label"><span>手机号</span></div>
      <div class="ghb-cell__value ghb-field__value">
        <div class="ghb-field__body"><input type="tel" placeholder="请输入手机号" class="ghb-field__control"></div>
      </div>
    </div>
    <div class="ghb-cell ghb-field">
      <div class="ghb-cell__title ghb-field__label"><span>整数</span></div>
      <div class="ghb-cell__value ghb-field__value">
        <div class="ghb-field__body"><input type="tel" inputmode="numeric" placeholder="请输入整数" class="ghb-field__control"></div>
      </div>
    </div>
    <div class="ghb-cell ghb-field">
      <div class="ghb-cell__title ghb-field__label"><span>数字</span></div>
      <div class="ghb-cell__value ghb-field__value">
        <div class="ghb-field__body"><input type="text" inputmode="decimal" placeholder="请输入数字（支持小数）" class="ghb-field__control"></div>
      </div>
    </div>
    <div class="ghb-cell ghb-field">
      <div class="ghb-cell__title ghb-field__label"><span>密码</span></div>
      <div class="ghb-cell__value ghb-field__value">
        <div class="ghb-field__body"><input type="password" placeholder="请输入密码" class="ghb-field__control"></div>
      </div>
    </div>
  </div>
  <div>
    <div class="ghb-cell ghb-field">
      <div class="ghb-cell__title ghb-field__label"><span>文本</span></div>
      <div class="ghb-cell__value ghb-field__value">
        <div class="ghb-field__body"><input type="text" readonly="readonly" class="ghb-field__control"></div>
      </div>
    </div>
    <div class="ghb-cell ghb-field ghb-field--disabled">
      <div class="ghb-cell__title ghb-field__label"><span>文本</span></div>
      <div class="ghb-cell__value ghb-field__value">
        <div class="ghb-field__body"><input type="text" disabled="disabled" class="ghb-field__control"></div>
      </div>
    </div>
  </div>
  <div>
    <div class="ghb-cell ghb-field">
      <div class="ghb-field__left-icon"><i class="ghb-icon ghb-icon-smile-o">
          <!----></i></div>
      <div class="ghb-cell__title ghb-field__label"><span>文本</span></div>
      <div class="ghb-cell__value ghb-field__value">
        <div class="ghb-field__body"><input type="text" placeholder="显示图标" class="ghb-field__control">
          <div class="ghb-field__right-icon"><i class="ghb-icon ghb-icon-warning-o">
              <!----></i></div>
        </div>
      </div>
    </div>
    <div class="ghb-cell ghb-field">
      <div class="ghb-field__left-icon"><i class="ghb-icon ghb-icon-music-o">
          <!----></i></div>
      <div class="ghb-cell__title ghb-field__label"><span>文本</span></div>
      <div class="ghb-cell__value ghb-field__value">
        <div class="ghb-field__body"><input type="text" placeholder="显示清除图标" class="ghb-field__control"></div>
      </div>
    </div>
  </div>
  <div>
    <div class="ghb-cell ghb-cell--required ghb-field ghb-field--error">
      <div class="ghb-cell__title ghb-field__label"><span>用户名</span></div>
      <div class="ghb-cell__value ghb-field__value">
        <div class="ghb-field__body"><input type="text" placeholder="请输入用户名" class="ghb-field__control"></div>
      </div>
    </div>
    <div class="ghb-cell ghb-cell--required ghb-field">
      <div class="ghb-cell__title ghb-field__label"><span>手机号</span></div>
      <div class="ghb-cell__value ghb-field__value">
        <div class="ghb-field__body"><input type="text" placeholder="请输入手机号" class="ghb-field__control"></div>
        <div class="ghb-field__error-message">手机号格式错误</div>
      </div>
    </div>
  </div>
  <div>
    <div class="ghb-cell ghb-cell--center ghb-field">
      <div class="ghb-cell__title ghb-field__label"><span>短信验证码</span></div>
      <div class="ghb-cell__value ghb-field__value">
        <div class="ghb-field__body"><input type="text" placeholder="请输入短信验证码" class="ghb-field__control">
          <div class="ghb-field__button"><button class="ghb-button ghb-button--primary ghb-button--small">
              <div class="ghb-button__content"><span class="ghb-button__text">
        发送验证码
      </span></div>
            </button></div>
        </div>
      </div>
    </div>
  </div>
  <div>
    <div class="ghb-cell ghb-field">
      <div class="ghb-cell__title ghb-field__label"><span>文本</span></div>
      <div class="ghb-cell__value ghb-field__value">
        <div class="ghb-field__body"><input type="text" placeholder="在输入时执行格式化" class="ghb-field__control"></div>
      </div>
    </div>
    <div class="ghb-cell ghb-field">
      <div class="ghb-cell__title ghb-field__label"><span>文本</span></div>
      <div class="ghb-cell__value ghb-field__value">
        <div class="ghb-field__body"><input type="text" placeholder="在失焦时执行格式化" class="ghb-field__control"></div>
      </div>
    </div>
  </div>
  <div>
    <div class="ghb-cell ghb-field">
      <div class="ghb-cell__title ghb-field__label"><span>留言</span></div>
      <div class="ghb-cell__value ghb-field__value">
        <div class="ghb-field__body"><textarea rows="1" placeholder="请输入留言" class="ghb-field__control" style="height: auto;"></textarea></div>
      </div>
    </div>
  </div>
  <div>
    <div class="ghb-cell ghb-field">
      <div class="ghb-cell__title ghb-field__label"><span>留言</span></div>
      <div class="ghb-cell__value ghb-field__value">
        <div class="ghb-field__body"><textarea rows="2" placeholder="请输入留言" class="ghb-field__control" style="height: auto;"></textarea></div>
        <div class="ghb-field__word-limit"><span class="ghb-field__word-num">0</span>/50</div>
      </div>
    </div>
  </div>
  <div>
    <div class="ghb-cell ghb-field">
      <div class="ghb-cell__title ghb-field__label"><span>文本</span></div>
      <div class="ghb-cell__value ghb-field__value">
        <div class="ghb-field__body"><input type="text" placeholder="输入框内容右对齐" class="ghb-field__control ghb-field__control--right"></div>
      </div>
    </div>
  </div>
</div>
`;
