// Jest Snapshot v1, https://goo.gl/fbAQLP

exports[`renders demo correctly 1`] = `
<div>
  <div>
    <div class="ghb-nav-bar ghb-hairline--bottom">
      <div class="ghb-nav-bar__content">
        <div class="ghb-nav-bar__left"><i class="ghb-icon ghb-icon-arrow-left ghb-nav-bar__arrow">
            <!----></i><span class="ghb-nav-bar__text">返回</span></div>
        <div class="ghb-nav-bar__title ghb-ellipsis">标题</div>
        <div class="ghb-nav-bar__right"><span class="ghb-nav-bar__text">按钮</span></div>
      </div>
    </div>
  </div>
  <div>
    <div class="ghb-nav-bar ghb-hairline--bottom">
      <div class="ghb-nav-bar__content">
        <div class="ghb-nav-bar__left"><i class="ghb-icon ghb-icon-arrow-left ghb-nav-bar__arrow">
            <!----></i><span class="ghb-nav-bar__text">返回</span></div>
        <div class="ghb-nav-bar__title ghb-ellipsis">标题</div>
        <div class="ghb-nav-bar__right"><i class="ghb-icon ghb-icon-search" style="font-size: 18px;">
            <!----></i></div>
      </div>
    </div>
  </div>
</div>
`;
