// Jest Snapshot v1, https://goo.gl/fbAQLP

exports[`renders demo correctly 1`] = `
<div>
  <div>
    <div class="demo-button-row"><button class="ghb-button ghb-button--primary ghb-button--normal">
        <div class="ghb-button__content"><span class="ghb-button__text">主要按钮</span></div>
      </button> <button class="ghb-button ghb-button--info ghb-button--normal">
        <div class="ghb-button__content"><span class="ghb-button__text">信息按钮</span></div>
      </button> <button class="ghb-button ghb-button--default ghb-button--normal">
        <div class="ghb-button__content"><span class="ghb-button__text">默认按钮</span></div>
      </button></div> <button class="ghb-button ghb-button--danger ghb-button--normal">
      <div class="ghb-button__content"><span class="ghb-button__text">危险按钮</span></div>
    </button> <button class="ghb-button ghb-button--warning ghb-button--normal">
      <div class="ghb-button__content"><span class="ghb-button__text">警告按钮</span></div>
    </button>
  </div>
  <div><button class="ghb-button ghb-button--primary ghb-button--normal ghb-button--plain">
      <div class="ghb-button__content"><span class="ghb-button__text">朴素按钮</span></div>
    </button> <button class="ghb-button ghb-button--info ghb-button--normal ghb-button--plain">
      <div class="ghb-button__content"><span class="ghb-button__text">朴素按钮</span></div>
    </button></div>
  <div><button class="ghb-button ghb-button--primary ghb-button--normal ghb-button--plain ghb-button--hairline ghb-hairline--surround">
      <div class="ghb-button__content"><span class="ghb-button__text">细边框按钮</span></div>
    </button> <button class="ghb-button ghb-button--info ghb-button--normal ghb-button--plain ghb-button--hairline ghb-hairline--surround">
      <div class="ghb-button__content"><span class="ghb-button__text">细边框按钮</span></div>
    </button></div>
  <div><button disabled="disabled" class="ghb-button ghb-button--primary ghb-button--normal ghb-button--disabled">
      <div class="ghb-button__content"><span class="ghb-button__text">禁用状态</span></div>
    </button> <button disabled="disabled" class="ghb-button ghb-button--info ghb-button--normal ghb-button--disabled">
      <div class="ghb-button__content"><span class="ghb-button__text">禁用状态</span></div>
    </button></div>
  <div><button class="ghb-button ghb-button--primary ghb-button--normal ghb-button--loading">
      <div class="ghb-button__content">
        <div class="ghb-loading ghb-loading--circular ghb-button__loading"><span class="ghb-loading__spinner ghb-loading__spinner--circular" style="color: currentColor; width: 20px; height: 20px;"><svg viewBox="25 25 50 50" class="ghb-loading__circular"><circle cx="50" cy="50" r="20" fill="none"></circle></svg></span></div>
      </div>
    </button> <button class="ghb-button ghb-button--primary ghb-button--normal ghb-button--loading">
      <div class="ghb-button__content">
        <div class="ghb-loading ghb-loading--spinner ghb-button__loading"><span class="ghb-loading__spinner ghb-loading__spinner--spinner" style="color: currentColor; width: 20px; height: 20px;"><i></i><i></i><i></i><i></i><i></i><i></i><i></i><i></i><i></i><i></i><i></i><i></i></span></div>
      </div>
    </button> <button class="ghb-button ghb-button--info ghb-button--normal ghb-button--loading">
      <div class="ghb-button__content">
        <div class="ghb-loading ghb-loading--circular ghb-button__loading"><span class="ghb-loading__spinner ghb-loading__spinner--circular" style="color: currentColor; width: 20px; height: 20px;"><svg viewBox="25 25 50 50" class="ghb-loading__circular"><circle cx="50" cy="50" r="20" fill="none"></circle></svg></span></div><span class="ghb-button__text">加载中...</span>
      </div>
    </button></div>
  <div><button class="ghb-button ghb-button--primary ghb-button--normal ghb-button--square">
      <div class="ghb-button__content"><span class="ghb-button__text">方形按钮</span></div>
    </button> <button class="ghb-button ghb-button--info ghb-button--normal ghb-button--round">
      <div class="ghb-button__content"><span class="ghb-button__text">圆形按钮</span></div>
    </button></div>
  <div><button class="ghb-button ghb-button--primary ghb-button--normal">
      <div class="ghb-button__content"><i class="ghb-icon ghb-icon-plus ghb-button__icon">
          <!----></i></div>
    </button> <button class="ghb-button ghb-button--primary ghb-button--normal">
      <div class="ghb-button__content"><i class="ghb-icon ghb-icon-plus ghb-button__icon">
          <!----></i><span class="ghb-button__text">按钮</span></div>
    </button> <button class="ghb-button ghb-button--info ghb-button--normal ghb-button--plain">
      <div class="ghb-button__content"><i class="ghb-icon ghb-button__icon"><img src="https://img01.yzcdn.cn/vant/user-active.png" class="ghb-icon__image">
          <!----></i><span class="ghb-button__text">按钮</span></div>
    </button></div>
  <div><button class="ghb-button ghb-button--primary ghb-button--large">
      <div class="ghb-button__content"><span class="ghb-button__text">大号按钮</span></div>
    </button> <button class="ghb-button ghb-button--primary ghb-button--normal">
      <div class="ghb-button__content"><span class="ghb-button__text">普通按钮</span></div>
    </button> <button class="ghb-button ghb-button--primary ghb-button--small">
      <div class="ghb-button__content"><span class="ghb-button__text">小型按钮</span></div>
    </button> <button class="ghb-button ghb-button--primary ghb-button--mini">
      <div class="ghb-button__content"><span class="ghb-button__text">迷你按钮</span></div>
    </button></div>
  <div><button class="ghb-button ghb-button--primary ghb-button--normal ghb-button--block">
      <div class="ghb-button__content"><span class="ghb-button__text">块级元素</span></div>
    </button></div>
  <div><button class="ghb-button ghb-button--primary ghb-button--normal">
      <div class="ghb-button__content"><span class="ghb-button__text">URL 跳转</span></div>
    </button> <button class="ghb-button ghb-button--primary ghb-button--normal">
      <div class="ghb-button__content"><span class="ghb-button__text">路由跳转</span></div>
    </button></div>
  <div><button class="ghb-button ghb-button--default ghb-button--normal" style="color: white; background: rgb(114, 50, 221); border-color: #7232dd;">
      <div class="ghb-button__content"><span class="ghb-button__text">单色按钮</span></div>
    </button> <button class="ghb-button ghb-button--default ghb-button--normal ghb-button--plain" style="color: rgb(114, 50, 221); border-color: #7232dd;">
      <div class="ghb-button__content"><span class="ghb-button__text">单色按钮</span></div>
    </button> <button class="ghb-button ghb-button--default ghb-button--normal" style="color: white; border: 0px;">
      <div class="ghb-button__content"><span class="ghb-button__text">渐变色按钮</span></div>
    </button></div>
</div>
`;
