// Jest Snapshot v1, https://goo.gl/fbAQLP

exports[`renders demo correctly 1`] = `
<div>
  <div>
    <div class="ghb-search">
      <div class="ghb-search__content ghb-search__content--square">
        <div class="ghb-cell ghb-cell--borderless ghb-field">
          <div class="ghb-field__left-icon"><i class="ghb-icon ghb-icon-search">
              <!----></i></div>
          <div class="ghb-cell__value ghb-cell__value--alone ghb-field__value">
            <div class="ghb-field__body"><input type="search" placeholder="请输入搜索关键词" class="ghb-field__control"></div>
          </div>
        </div>
      </div>
    </div>
  </div>
  <div>
    <form action="/">
      <div class="ghb-search ghb-search--show-action">
        <div class="ghb-search__content ghb-search__content--square">
          <div class="ghb-cell ghb-cell--borderless ghb-field">
            <div class="ghb-field__left-icon"><i class="ghb-icon ghb-icon-search">
                <!----></i></div>
            <div class="ghb-cell__value ghb-cell__value--alone ghb-field__value">
              <div class="ghb-field__body"><input type="search" placeholder="请输入搜索关键词" class="ghb-field__control"></div>
            </div>
          </div>
        </div>
        <div role="button" tabindex="0" class="ghb-search__action">取消</div>
      </div>
    </form>
  </div>
  <div>
    <div class="ghb-search">
      <div class="ghb-search__content ghb-search__content--square">
        <div class="ghb-cell ghb-cell--borderless ghb-field">
          <div class="ghb-field__left-icon"><i class="ghb-icon ghb-icon-search">
              <!----></i></div>
          <div class="ghb-cell__value ghb-cell__value--alone ghb-field__value">
            <div class="ghb-field__body"><input type="search" placeholder="请输入搜索关键词" class="ghb-field__control ghb-field__control--center"></div>
          </div>
        </div>
      </div>
    </div>
  </div>
  <div>
    <div class="ghb-search">
      <div class="ghb-search__content ghb-search__content--square">
        <div class="ghb-cell ghb-cell--borderless ghb-field ghb-field--disabled">
          <div class="ghb-field__left-icon"><i class="ghb-icon ghb-icon-search">
              <!----></i></div>
          <div class="ghb-cell__value ghb-cell__value--alone ghb-field__value">
            <div class="ghb-field__body"><input type="search" disabled="disabled" placeholder="请输入搜索关键词" class="ghb-field__control"></div>
          </div>
        </div>
      </div>
    </div>
  </div>
  <div>
    <div class="ghb-search" style="background: rgb(79, 192, 141);">
      <div class="ghb-search__content ghb-search__content--round">
        <div class="ghb-cell ghb-cell--borderless ghb-field">
          <div class="ghb-field__left-icon"><i class="ghb-icon ghb-icon-search">
              <!----></i></div>
          <div class="ghb-cell__value ghb-cell__value--alone ghb-field__value">
            <div class="ghb-field__body"><input type="search" placeholder="请输入搜索关键词" class="ghb-field__control"></div>
          </div>
        </div>
      </div>
    </div>
  </div>
  <div>
    <div class="ghb-search ghb-search--show-action">
      <div class="ghb-search__content ghb-search__content--square">
        <div class="ghb-search__label">地址</div>
        <div class="ghb-cell ghb-cell--borderless ghb-field">
          <div class="ghb-field__left-icon"><i class="ghb-icon ghb-icon-search">
              <!----></i></div>
          <div class="ghb-cell__value ghb-cell__value--alone ghb-field__value">
            <div class="ghb-field__body"><input type="search" placeholder="请输入搜索关键词" class="ghb-field__control"></div>
          </div>
        </div>
      </div>
      <div role="button" tabindex="0" class="ghb-search__action">
        <div>搜索</div>
      </div>
    </div>
  </div>
</div>
`;
