// Jest Snapshot v1, https://goo.gl/fbAQLP

exports[`renders demo correctly 1`] = `
<div>
  <div>
    <div role="checkbox" tabindex="0" aria-checked="true" class="ghb-checkbox">
      <div class="ghb-checkbox__icon ghb-checkbox__icon--round ghb-checkbox__icon--checked"><i class="ghb-icon ghb-icon-success">
          <!----></i></div><span class="ghb-checkbox__label">复选框</span>
    </div>
  </div>
  <div>
    <div role="checkbox" tabindex="-1" aria-checked="false" class="ghb-checkbox ghb-checkbox--disabled">
      <div class="ghb-checkbox__icon ghb-checkbox__icon--round ghb-checkbox__icon--disabled"><i class="ghb-icon ghb-icon-success">
          <!----></i></div><span class="ghb-checkbox__label ghb-checkbox__label--disabled">
      复选框
    </span>
    </div>
    <div role="checkbox" tabindex="-1" aria-checked="true" class="ghb-checkbox ghb-checkbox--disabled">
      <div class="ghb-checkbox__icon ghb-checkbox__icon--round ghb-checkbox__icon--disabled ghb-checkbox__icon--checked"><i class="ghb-icon ghb-icon-success">
          <!----></i></div><span class="ghb-checkbox__label ghb-checkbox__label--disabled">
      复选框
    </span>
    </div>
  </div>
  <div>
    <div role="checkbox" tabindex="0" aria-checked="true" class="ghb-checkbox">
      <div class="ghb-checkbox__icon ghb-checkbox__icon--square ghb-checkbox__icon--checked"><i class="ghb-icon ghb-icon-success">
          <!----></i></div><span class="ghb-checkbox__label">
      自定义形状
    </span>
    </div>
  </div>
  <div>
    <div role="checkbox" tabindex="0" aria-checked="true" class="ghb-checkbox">
      <div class="ghb-checkbox__icon ghb-checkbox__icon--round ghb-checkbox__icon--checked"><i class="ghb-icon ghb-icon-success" style="border-color: #ee0a24; background-color: rgb(238, 10, 36);">
          <!----></i></div><span class="ghb-checkbox__label">
      自定义颜色
    </span>
    </div>
  </div>
  <div>
    <div role="checkbox" tabindex="0" aria-checked="true" class="ghb-checkbox">
      <div class="ghb-checkbox__icon ghb-checkbox__icon--round ghb-checkbox__icon--checked" style="font-size: 24px;"><i class="ghb-icon ghb-icon-success">
          <!----></i></div><span class="ghb-checkbox__label">
      自定义大小
    </span>
    </div>
  </div>
  <div>
    <div role="checkbox" tabindex="0" aria-checked="true" class="ghb-checkbox">
      <div class="ghb-checkbox__icon ghb-checkbox__icon--round ghb-checkbox__icon--checked"><img src="https://img01.yzcdn.cn/vant/user-active.png"></div><span class="ghb-checkbox__label">
      自定义图标
      </span>
    </div>
  </div>
  <div>
    <div role="checkbox" tabindex="0" aria-checked="true" class="ghb-checkbox ghb-checkbox--label-disabled">
      <div class="ghb-checkbox__icon ghb-checkbox__icon--round ghb-checkbox__icon--checked"><i class="ghb-icon ghb-icon-success">
          <!----></i></div><span class="ghb-checkbox__label">
      复选框
    </span>
    </div>
  </div>
  <div>
    <div class="ghb-checkbox-group">
      <div role="checkbox" tabindex="0" aria-checked="true" class="ghb-checkbox">
        <div class="ghb-checkbox__icon ghb-checkbox__icon--round ghb-checkbox__icon--checked"><i class="ghb-icon ghb-icon-success">
            <!----></i></div><span class="ghb-checkbox__label">复选框 a</span>
      </div>
      <div role="checkbox" tabindex="0" aria-checked="true" class="ghb-checkbox">
        <div class="ghb-checkbox__icon ghb-checkbox__icon--round ghb-checkbox__icon--checked"><i class="ghb-icon ghb-icon-success">
            <!----></i></div><span class="ghb-checkbox__label">复选框 b</span>
      </div>
    </div>
  </div>
  <div>
    <div class="ghb-checkbox-group ghb-checkbox-group--horizontal">
      <div role="checkbox" tabindex="0" aria-checked="false" class="ghb-checkbox ghb-checkbox--horizontal">
        <div class="ghb-checkbox__icon ghb-checkbox__icon--round"><i class="ghb-icon ghb-icon-success">
            <!----></i></div><span class="ghb-checkbox__label">复选框 a</span>
      </div>
      <div role="checkbox" tabindex="0" aria-checked="false" class="ghb-checkbox ghb-checkbox--horizontal">
        <div class="ghb-checkbox__icon ghb-checkbox__icon--round"><i class="ghb-icon ghb-icon-success">
            <!----></i></div><span class="ghb-checkbox__label">复选框 b</span>
      </div>
    </div>
  </div>
  <div>
    <div class="ghb-checkbox-group">
      <div role="checkbox" tabindex="0" aria-checked="false" class="ghb-checkbox">
        <div class="ghb-checkbox__icon ghb-checkbox__icon--round"><i class="ghb-icon ghb-icon-success">
            <!----></i></div><span class="ghb-checkbox__label">复选框 a</span>
      </div>
      <div role="checkbox" tabindex="0" aria-checked="false" class="ghb-checkbox">
        <div class="ghb-checkbox__icon ghb-checkbox__icon--round"><i class="ghb-icon ghb-icon-success">
            <!----></i></div><span class="ghb-checkbox__label">复选框 b</span>
      </div>
      <div role="checkbox" tabindex="0" aria-checked="false" class="ghb-checkbox">
        <div class="ghb-checkbox__icon ghb-checkbox__icon--round"><i class="ghb-icon ghb-icon-success">
            <!----></i></div><span class="ghb-checkbox__label">复选框 c</span>
      </div>
    </div>
  </div>
  <div>
    <div class="ghb-checkbox-group">
      <div role="checkbox" tabindex="0" aria-checked="false" class="ghb-checkbox">
        <div class="ghb-checkbox__icon ghb-checkbox__icon--round"><i class="ghb-icon ghb-icon-success">
            <!----></i></div><span class="ghb-checkbox__label">复选框 a</span>
      </div>
      <div role="checkbox" tabindex="0" aria-checked="false" class="ghb-checkbox">
        <div class="ghb-checkbox__icon ghb-checkbox__icon--round"><i class="ghb-icon ghb-icon-success">
            <!----></i></div><span class="ghb-checkbox__label">复选框 b</span>
      </div>
      <div role="checkbox" tabindex="0" aria-checked="false" class="ghb-checkbox">
        <div class="ghb-checkbox__icon ghb-checkbox__icon--round"><i class="ghb-icon ghb-icon-success">
            <!----></i></div><span class="ghb-checkbox__label">复选框 c</span>
      </div>
    </div>
    <div class="demo-checkbox-buttons"><button class="ghb-button ghb-button--primary ghb-button--normal">
        <div class="ghb-button__content"><span class="ghb-button__text">
        全选
      </span></div>
      </button> <button class="ghb-button ghb-button--info ghb-button--normal">
        <div class="ghb-button__content"><span class="ghb-button__text">
        反选
      </span></div>
      </button></div>
  </div>
  <div>
    <div class="ghb-checkbox-group">
      <div class="ghb-cell-group ghb-hairline--top-bottom">
        <div role="button" tabindex="0" class="ghb-cell ghb-cell--clickable">
          <div class="ghb-cell__title"><span>复选框 a</span></div>
          <div role="checkbox" tabindex="0" aria-checked="false" class="ghb-checkbox">
            <div class="ghb-checkbox__icon ghb-checkbox__icon--round"><i class="ghb-icon ghb-icon-success">
                <!----></i></div>
          </div>
        </div>
        <div role="button" tabindex="0" class="ghb-cell ghb-cell--clickable">
          <div class="ghb-cell__title"><span>复选框 b</span></div>
          <div role="checkbox" tabindex="0" aria-checked="false" class="ghb-checkbox">
            <div class="ghb-checkbox__icon ghb-checkbox__icon--round"><i class="ghb-icon ghb-icon-success">
                <!----></i></div>
          </div>
        </div>
      </div>
    </div>
  </div>
</div>
`;
