// Jest Snapshot v1, https://goo.gl/fbAQLP

exports[`renders demo correctly 1`] = `
<div>
  <div>
    <div class="ghb-tree-select" style="height: 300px;">
      <div class="ghb-sidebar ghb-tree-select__nav"><a class="ghb-sidebar-item ghb-sidebar-item--select ghb-tree-select__nav-item">
          <div class="ghb-sidebar-item__text">浙江
            <!---->
          </div>
        </a><a class="ghb-sidebar-item ghb-tree-select__nav-item">
          <div class="ghb-sidebar-item__text">江苏
            <!---->
          </div>
        </a><a class="ghb-sidebar-item ghb-sidebar-item--disabled ghb-tree-select__nav-item">
          <div class="ghb-sidebar-item__text">福建
            <!---->
          </div>
        </a></div>
      <div class="ghb-tree-select__content">
        <div class="ghb-ellipsis ghb-tree-select__item ghb-tree-select__item--active">杭州<i class="ghb-icon ghb-icon-success ghb-tree-select__selected">
            <!----></i></div>
        <div class="ghb-ellipsis ghb-tree-select__item">温州</div>
        <div class="ghb-ellipsis ghb-tree-select__item ghb-tree-select__item--disabled">宁波</div>
        <div class="ghb-ellipsis ghb-tree-select__item">义乌</div>
      </div>
    </div>
  </div>
  <div>
    <div class="ghb-tree-select" style="height: 300px;">
      <div class="ghb-sidebar ghb-tree-select__nav"><a class="ghb-sidebar-item ghb-sidebar-item--select ghb-tree-select__nav-item">
          <div class="ghb-sidebar-item__text">浙江
            <!---->
          </div>
        </a><a class="ghb-sidebar-item ghb-tree-select__nav-item">
          <div class="ghb-sidebar-item__text">江苏
            <!---->
          </div>
        </a><a class="ghb-sidebar-item ghb-sidebar-item--disabled ghb-tree-select__nav-item">
          <div class="ghb-sidebar-item__text">福建
            <!---->
          </div>
        </a></div>
      <div class="ghb-tree-select__content">
        <div class="ghb-ellipsis ghb-tree-select__item ghb-tree-select__item--active">杭州<i class="ghb-icon ghb-icon-success ghb-tree-select__selected">
            <!----></i></div>
        <div class="ghb-ellipsis ghb-tree-select__item ghb-tree-select__item--active">温州<i class="ghb-icon ghb-icon-success ghb-tree-select__selected">
            <!----></i></div>
        <div class="ghb-ellipsis ghb-tree-select__item ghb-tree-select__item--disabled">宁波</div>
        <div class="ghb-ellipsis ghb-tree-select__item">义乌</div>
      </div>
    </div>
  </div>
  <div>
    <div class="ghb-tree-select" style="height: 55vw;">
      <div class="ghb-sidebar ghb-tree-select__nav"><a class="ghb-sidebar-item ghb-sidebar-item--select ghb-tree-select__nav-item">
          <div class="ghb-sidebar-item__text">分组 1
            <!---->
          </div>
        </a><a class="ghb-sidebar-item ghb-tree-select__nav-item">
          <div class="ghb-sidebar-item__text">分组 2
            <!---->
          </div>
        </a></div>
      <div class="ghb-tree-select__content">
        <div class="ghb-image"><img src="https://img01.yzcdn.cn/vant/apple-1.jpg" class="ghb-image__img"></div>
        <!---->
      </div>
    </div>
  </div>
  <div>
    <div class="ghb-tree-select" style="height: 55vw;">
      <div class="ghb-sidebar ghb-tree-select__nav"><a class="ghb-sidebar-item ghb-sidebar-item--select ghb-tree-select__nav-item">
          <div class="ghb-sidebar-item__text">浙江<div class="ghb-info ghb-info--dot ghb-sidebar-item__info"></div>
          </div>
        </a><a class="ghb-sidebar-item ghb-tree-select__nav-item">
          <div class="ghb-sidebar-item__text">江苏<div class="ghb-info ghb-sidebar-item__info">5</div>
          </div>
        </a></div>
      <div class="ghb-tree-select__content">
        <div class="ghb-ellipsis ghb-tree-select__item ghb-tree-select__item--active">杭州<i class="ghb-icon ghb-icon-success ghb-tree-select__selected">
            <!----></i></div>
        <div class="ghb-ellipsis ghb-tree-select__item">温州</div>
        <div class="ghb-ellipsis ghb-tree-select__item ghb-tree-select__item--disabled">宁波</div>
        <div class="ghb-ellipsis ghb-tree-select__item">义乌</div>
      </div>
    </div>
  </div>
</div>
`;
