// Jest Snapshot v1, https://goo.gl/fbAQLP

exports[`renders demo correctly 1`] = `
<div>
  <div>
    <div role="alert" class="ghb-notice-bar"><i class="ghb-icon ghb-icon-volume-o ghb-notice-bar__left-icon">
        <!----></i>
      <div role="marquee" class="ghb-notice-bar__wrap">
        <div class="ghb-notice-bar__content" style="transition-duration: 0s;">在代码阅读过程中人们说脏话的频率是衡量代码质量的唯一标准。</div>
      </div>
    </div>
  </div>
  <div>
    <div role="alert" class="ghb-notice-bar">
      <div role="marquee" class="ghb-notice-bar__wrap">
        <div class="ghb-notice-bar__content" style="transition-duration: 0s;">技术是开发它的人的共同灵魂。</div>
      </div>
    </div>
    <div role="alert" class="ghb-notice-bar">
      <div role="marquee" class="ghb-notice-bar__wrap">
        <div class="ghb-notice-bar__content ghb-ellipsis" style="transition-duration: 0s;">在代码阅读过程中人们说脏话的频率是衡量代码质量的唯一标准。</div>
      </div>
    </div>
  </div>
  <div>
    <div role="alert" class="ghb-notice-bar ghb-notice-bar--wrapable">
      <div role="marquee" class="ghb-notice-bar__wrap">
        <div class="ghb-notice-bar__content" style="transition-duration: 0s;">在代码阅读过程中人们说脏话的频率是衡量代码质量的唯一标准。</div>
      </div>
    </div>
  </div>
  <div>
    <div role="alert" class="ghb-notice-bar">
      <div role="marquee" class="ghb-notice-bar__wrap">
        <div class="ghb-notice-bar__content" style="transition-duration: 0s;">技术是开发它的人的共同灵魂。</div>
      </div><i class="ghb-icon ghb-icon-cross ghb-notice-bar__right-icon">
        <!----></i>
    </div>
    <div role="alert" class="ghb-notice-bar">
      <div role="marquee" class="ghb-notice-bar__wrap">
        <div class="ghb-notice-bar__content" style="transition-duration: 0s;">技术是开发它的人的共同灵魂。</div>
      </div><i class="ghb-icon ghb-icon-arrow ghb-notice-bar__right-icon">
        <!----></i>
    </div>
  </div>
  <div>
    <div role="alert" class="ghb-notice-bar" style="color: rgb(25, 137, 250); background: rgb(236, 249, 255);"><i class="ghb-icon ghb-icon-info-o ghb-notice-bar__left-icon">
        <!----></i>
      <div role="marquee" class="ghb-notice-bar__wrap">
        <div class="ghb-notice-bar__content" style="transition-duration: 0s;">技术是开发它的人的共同灵魂。</div>
      </div>
    </div>
  </div>
  <div>
    <div role="alert" class="ghb-notice-bar"><i class="ghb-icon ghb-icon-volume-o ghb-notice-bar__left-icon">
        <!----></i>
      <div role="marquee" class="ghb-notice-bar__wrap">
        <div class="ghb-notice-bar__content ghb-ellipsis" style="transition-duration: 0s;">
          <div class="notice-swipe ghb-swipe">
            <div class="ghb-swipe__track ghb-swipe__track--vertical" style="transition-duration: 0ms; transform: translateY(0px);">
              <div class="ghb-swipe-item">内容 1</div>
              <div class="ghb-swipe-item">内容 2</div>
              <div class="ghb-swipe-item">内容 3</div>
            </div>
          </div>
        </div>
      </div>
    </div>
  </div>
</div>
`;
