// Jest Snapshot v1, https://goo.gl/fbAQLP

exports[`renders demo correctly 1`] = `
<div>
  <div>
    <div tabindex="0" role="radiogroup" class="ghb-rate">
      <div role="radio" tabindex="0" aria-setsize="5" aria-posinset="1" aria-checked="true" class="ghb-rate__item"><i data-score="1" class="ghb-icon ghb-icon-star ghb-rate__icon ghb-rate__icon--full">
          <!----></i></div>
      <div role="radio" tabindex="0" aria-setsize="5" aria-posinset="2" aria-checked="true" class="ghb-rate__item"><i data-score="2" class="ghb-icon ghb-icon-star ghb-rate__icon ghb-rate__icon--full">
          <!----></i></div>
      <div role="radio" tabindex="0" aria-setsize="5" aria-posinset="3" aria-checked="true" class="ghb-rate__item"><i data-score="3" class="ghb-icon ghb-icon-star ghb-rate__icon ghb-rate__icon--full">
          <!----></i></div>
      <div role="radio" tabindex="0" aria-setsize="5" aria-posinset="4" aria-checked="false" class="ghb-rate__item"><i data-score="4" class="ghb-icon ghb-icon-star-o ghb-rate__icon">
          <!----></i></div>
      <div role="radio" tabindex="0" aria-setsize="5" aria-posinset="5" aria-checked="false" class="ghb-rate__item"><i data-score="5" class="ghb-icon ghb-icon-star-o ghb-rate__icon">
          <!----></i></div>
    </div>
  </div>
  <div>
    <div tabindex="0" role="radiogroup" class="ghb-rate">
      <div role="radio" tabindex="0" aria-setsize="5" aria-posinset="1" aria-checked="true" class="ghb-rate__item"><i data-score="1" class="ghb-icon ghb-icon-like ghb-rate__icon ghb-rate__icon--full">
          <!----></i></div>
      <div role="radio" tabindex="0" aria-setsize="5" aria-posinset="2" aria-checked="true" class="ghb-rate__item"><i data-score="2" class="ghb-icon ghb-icon-like ghb-rate__icon ghb-rate__icon--full">
          <!----></i></div>
      <div role="radio" tabindex="0" aria-setsize="5" aria-posinset="3" aria-checked="true" class="ghb-rate__item"><i data-score="3" class="ghb-icon ghb-icon-like ghb-rate__icon ghb-rate__icon--full">
          <!----></i></div>
      <div role="radio" tabindex="0" aria-setsize="5" aria-posinset="4" aria-checked="false" class="ghb-rate__item"><i data-score="4" class="ghb-icon ghb-icon-like-o ghb-rate__icon">
          <!----></i></div>
      <div role="radio" tabindex="0" aria-setsize="5" aria-posinset="5" aria-checked="false" class="ghb-rate__item"><i data-score="5" class="ghb-icon ghb-icon-like-o ghb-rate__icon">
          <!----></i></div>
    </div>
  </div>
  <div>
    <div tabindex="0" role="radiogroup" class="ghb-rate">
      <div role="radio" tabindex="0" aria-setsize="5" aria-posinset="1" aria-checked="true" class="ghb-rate__item"><i data-score="1" class="ghb-icon ghb-icon-star ghb-rate__icon ghb-rate__icon--full" style="color: rgb(255, 210, 30); font-size: 25px;">
          <!----></i></div>
      <div role="radio" tabindex="0" aria-setsize="5" aria-posinset="2" aria-checked="true" class="ghb-rate__item"><i data-score="2" class="ghb-icon ghb-icon-star ghb-rate__icon ghb-rate__icon--full" style="color: rgb(255, 210, 30); font-size: 25px;">
          <!----></i></div>
      <div role="radio" tabindex="0" aria-setsize="5" aria-posinset="3" aria-checked="true" class="ghb-rate__item"><i data-score="3" class="ghb-icon ghb-icon-star ghb-rate__icon ghb-rate__icon--full" style="color: rgb(255, 210, 30); font-size: 25px;">
          <!----></i></div>
      <div role="radio" tabindex="0" aria-setsize="5" aria-posinset="4" aria-checked="false" class="ghb-rate__item"><i data-score="4" class="ghb-icon ghb-icon-star ghb-rate__icon" style="color: rgb(238, 238, 238); font-size: 25px;">
          <!----></i></div>
      <div role="radio" tabindex="0" aria-setsize="5" aria-posinset="5" aria-checked="false" class="ghb-rate__item"><i data-score="5" class="ghb-icon ghb-icon-star ghb-rate__icon" style="color: rgb(238, 238, 238); font-size: 25px;">
          <!----></i></div>
    </div>
  </div>
  <div>
    <div tabindex="0" role="radiogroup" class="ghb-rate">
      <div role="radio" tabindex="0" aria-setsize="5" aria-posinset="1" aria-checked="true" class="ghb-rate__item"><i data-score="1" class="ghb-icon ghb-icon-star ghb-rate__icon ghb-rate__icon--full" style="font-size: 25px;">
          <!----></i><i data-score="0.5" class="ghb-icon ghb-icon-star ghb-rate__icon ghb-rate__icon--half ghb-rate__icon--full" style="font-size: 25px;">
          <!----></i></div>
      <div role="radio" tabindex="0" aria-setsize="5" aria-posinset="2" aria-checked="true" class="ghb-rate__item"><i data-score="2" class="ghb-icon ghb-icon-star ghb-rate__icon ghb-rate__icon--full" style="font-size: 25px;">
          <!----></i><i data-score="1.5" class="ghb-icon ghb-icon-star ghb-rate__icon ghb-rate__icon--half ghb-rate__icon--full" style="font-size: 25px;">
          <!----></i></div>
      <div role="radio" tabindex="0" aria-setsize="5" aria-posinset="3" aria-checked="true" class="ghb-rate__item"><i data-score="3" class="ghb-icon ghb-icon-star ghb-rate__icon" style="color: rgb(238, 238, 238); font-size: 25px;">
          <!----></i><i data-score="2.5" class="ghb-icon ghb-icon-star ghb-rate__icon ghb-rate__icon--half ghb-rate__icon--full" style="font-size: 25px;">
          <!----></i></div>
      <div role="radio" tabindex="0" aria-setsize="5" aria-posinset="4" aria-checked="false" class="ghb-rate__item"><i data-score="4" class="ghb-icon ghb-icon-star ghb-rate__icon" style="color: rgb(238, 238, 238); font-size: 25px;">
          <!----></i><i data-score="3.5" class="ghb-icon ghb-icon-star ghb-rate__icon ghb-rate__icon--half" style="color: rgb(238, 238, 238); font-size: 25px;">
          <!----></i></div>
      <div role="radio" tabindex="0" aria-setsize="5" aria-posinset="5" aria-checked="false" class="ghb-rate__item"><i data-score="5" class="ghb-icon ghb-icon-star ghb-rate__icon" style="color: rgb(238, 238, 238); font-size: 25px;">
          <!----></i><i data-score="4.5" class="ghb-icon ghb-icon-star ghb-rate__icon ghb-rate__icon--half" style="color: rgb(238, 238, 238); font-size: 25px;">
          <!----></i></div>
    </div>
  </div>
  <div>
    <div tabindex="0" role="radiogroup" class="ghb-rate">
      <div role="radio" tabindex="0" aria-setsize="6" aria-posinset="1" aria-checked="true" class="ghb-rate__item"><i data-score="1" class="ghb-icon ghb-icon-star ghb-rate__icon ghb-rate__icon--full">
          <!----></i></div>
      <div role="radio" tabindex="0" aria-setsize="6" aria-posinset="2" aria-checked="true" class="ghb-rate__item"><i data-score="2" class="ghb-icon ghb-icon-star ghb-rate__icon ghb-rate__icon--full">
          <!----></i></div>
      <div role="radio" tabindex="0" aria-setsize="6" aria-posinset="3" aria-checked="true" class="ghb-rate__item"><i data-score="3" class="ghb-icon ghb-icon-star ghb-rate__icon ghb-rate__icon--full">
          <!----></i></div>
      <div role="radio" tabindex="0" aria-setsize="6" aria-posinset="4" aria-checked="true" class="ghb-rate__item"><i data-score="4" class="ghb-icon ghb-icon-star ghb-rate__icon ghb-rate__icon--full">
          <!----></i></div>
      <div role="radio" tabindex="0" aria-setsize="6" aria-posinset="5" aria-checked="false" class="ghb-rate__item"><i data-score="5" class="ghb-icon ghb-icon-star-o ghb-rate__icon">
          <!----></i></div>
      <div role="radio" tabindex="0" aria-setsize="6" aria-posinset="6" aria-checked="false" class="ghb-rate__item"><i data-score="6" class="ghb-icon ghb-icon-star-o ghb-rate__icon">
          <!----></i></div>
    </div>
  </div>
  <div>
    <div tabindex="0" role="radiogroup" class="ghb-rate ghb-rate--disabled">
      <div role="radio" tabindex="0" aria-setsize="5" aria-posinset="1" aria-checked="true" class="ghb-rate__item"><i data-score="1" class="ghb-icon ghb-icon-star ghb-rate__icon ghb-rate__icon--disabled ghb-rate__icon--full">
          <!----></i></div>
      <div role="radio" tabindex="0" aria-setsize="5" aria-posinset="2" aria-checked="true" class="ghb-rate__item"><i data-score="2" class="ghb-icon ghb-icon-star ghb-rate__icon ghb-rate__icon--disabled ghb-rate__icon--full">
          <!----></i></div>
      <div role="radio" tabindex="0" aria-setsize="5" aria-posinset="3" aria-checked="true" class="ghb-rate__item"><i data-score="3" class="ghb-icon ghb-icon-star ghb-rate__icon ghb-rate__icon--disabled ghb-rate__icon--full">
          <!----></i></div>
      <div role="radio" tabindex="0" aria-setsize="5" aria-posinset="4" aria-checked="false" class="ghb-rate__item"><i data-score="4" class="ghb-icon ghb-icon-star-o ghb-rate__icon ghb-rate__icon--disabled">
          <!----></i></div>
      <div role="radio" tabindex="0" aria-setsize="5" aria-posinset="5" aria-checked="false" class="ghb-rate__item"><i data-score="5" class="ghb-icon ghb-icon-star-o ghb-rate__icon ghb-rate__icon--disabled">
          <!----></i></div>
    </div>
  </div>
  <div>
    <div tabindex="0" role="radiogroup" class="ghb-rate ghb-rate--readonly">
      <div role="radio" tabindex="0" aria-setsize="5" aria-posinset="1" aria-checked="true" class="ghb-rate__item"><i data-score="1" class="ghb-icon ghb-icon-star ghb-rate__icon ghb-rate__icon--full">
          <!----></i></div>
      <div role="radio" tabindex="0" aria-setsize="5" aria-posinset="2" aria-checked="true" class="ghb-rate__item"><i data-score="2" class="ghb-icon ghb-icon-star ghb-rate__icon ghb-rate__icon--full">
          <!----></i></div>
      <div role="radio" tabindex="0" aria-setsize="5" aria-posinset="3" aria-checked="true" class="ghb-rate__item"><i data-score="3" class="ghb-icon ghb-icon-star ghb-rate__icon ghb-rate__icon--full">
          <!----></i></div>
      <div role="radio" tabindex="0" aria-setsize="5" aria-posinset="4" aria-checked="false" class="ghb-rate__item"><i data-score="4" class="ghb-icon ghb-icon-star-o ghb-rate__icon">
          <!----></i></div>
      <div role="radio" tabindex="0" aria-setsize="5" aria-posinset="5" aria-checked="false" class="ghb-rate__item"><i data-score="5" class="ghb-icon ghb-icon-star-o ghb-rate__icon">
          <!----></i></div>
    </div>
  </div>
  <div>
    <div tabindex="0" role="radiogroup" class="ghb-rate">
      <div role="radio" tabindex="0" aria-setsize="5" aria-posinset="1" aria-checked="true" class="ghb-rate__item"><i data-score="1" class="ghb-icon ghb-icon-star ghb-rate__icon ghb-rate__icon--full">
          <!----></i></div>
      <div role="radio" tabindex="0" aria-setsize="5" aria-posinset="2" aria-checked="true" class="ghb-rate__item"><i data-score="2" class="ghb-icon ghb-icon-star ghb-rate__icon ghb-rate__icon--full">
          <!----></i></div>
      <div role="radio" tabindex="0" aria-setsize="5" aria-posinset="3" aria-checked="false" class="ghb-rate__item"><i data-score="3" class="ghb-icon ghb-icon-star-o ghb-rate__icon">
          <!----></i></div>
      <div role="radio" tabindex="0" aria-setsize="5" aria-posinset="4" aria-checked="false" class="ghb-rate__item"><i data-score="4" class="ghb-icon ghb-icon-star-o ghb-rate__icon">
          <!----></i></div>
      <div role="radio" tabindex="0" aria-setsize="5" aria-posinset="5" aria-checked="false" class="ghb-rate__item"><i data-score="5" class="ghb-icon ghb-icon-star-o ghb-rate__icon">
          <!----></i></div>
    </div>
  </div>
</div>
`;
