// Jest Snapshot v1, https://goo.gl/fbAQLP

exports[`renders demo correctly 1`] = `
<div>
  <div>
    <div role="button" tabindex="0" class="ghb-cell ghb-cell--clickable">
      <div class="ghb-cell__title"><span>显示分享面板</span></div><i class="ghb-icon ghb-icon-arrow ghb-cell__right-icon">
        <!----></i>
    </div>
    <!---->
  </div>
  <div>
    <div role="button" tabindex="0" class="ghb-cell ghb-cell--clickable">
      <div class="ghb-cell__title"><span>显示分享面板</span></div><i class="ghb-icon ghb-icon-arrow ghb-cell__right-icon">
        <!----></i>
    </div>
    <!---->
  </div>
  <div>
    <div role="button" tabindex="0" class="ghb-cell ghb-cell--clickable">
      <div class="ghb-cell__title"><span>显示分享面板</span></div><i class="ghb-icon ghb-icon-arrow ghb-cell__right-icon">
        <!----></i>
    </div>
    <!---->
  </div>
  <div>
    <div role="button" tabindex="0" class="ghb-cell ghb-cell--clickable">
      <div class="ghb-cell__title"><span>显示分享面板</span></div><i class="ghb-icon ghb-icon-arrow ghb-cell__right-icon">
        <!----></i>
    </div>
    <!---->
  </div>
</div>
`;
