// Jest Snapshot v1, https://goo.gl/fbAQLP

exports[`cancel-text prop 1`] = `<button type="button" class="ghb-share-sheet__cancel">foo</button>`;

exports[`description prop 1`] = `<span class="ghb-share-sheet__description">foo</span>`;

exports[`title & description slot 1`] = `
<div class="ghb-popup ghb-popup--round ghb-popup--bottom ghb-popup--safe-area-inset-bottom ghb-share-sheet" name="ghb-popup-slide-bottom">
  <div class="ghb-share-sheet__header">
    <h2 class="ghb-share-sheet__title">Custom Title</h2><span class="ghb-share-sheet__description">Custom Description</span>
  </div>
  <div class="ghb-share-sheet__options"></div><button type="button" class="ghb-share-sheet__cancel">取消</button>
</div>
`;
