// Jest Snapshot v1, https://goo.gl/fbAQLP

exports[`close-icon prop 1`] = `
<div class="ghb-popup ghb-popup--center" name="ghb-fade"><i role="button" tabindex="0" class="ghb-icon ghb-icon-success ghb-popup__close-icon ghb-popup__close-icon--top-right">
    <!----></i></div>
`;

exports[`duration prop when position is center 1`] = `<div class="ghb-popup ghb-popup--center" style="animation-duration: 0.5s;" name="ghb-fade"></div>`;

exports[`duration prop when position is top 1`] = `<div class="ghb-popup ghb-popup--top" style="transition-duration: 0.5s;" name="ghb-popup-slide-top"></div>`;

exports[`reset z-index 1`] = `<div class="ghb-popup ghb-popup--center" name="ghb-fade"></div>`;

exports[`round prop 1`] = `<div class="ghb-popup ghb-popup--round ghb-popup--center" name="ghb-fade"></div>`;
