// Jest Snapshot v1, https://goo.gl/fbAQLP

exports[`renders demo correctly 1`] = `
<div>
  <div>
    <div class="ghb-goods-action">
      <div role="button" tabindex="0" class="ghb-goods-action-icon">
        <div class="ghb-icon ghb-icon-chat-o ghb-goods-action-icon__icon">
          <!---->
        </div>客服
      </div>
      <div role="button" tabindex="0" class="ghb-goods-action-icon">
        <div class="ghb-icon ghb-icon-cart-o ghb-goods-action-icon__icon">
          <!---->
        </div>购物车
      </div>
      <div role="button" tabindex="0" class="ghb-goods-action-icon">
        <div class="ghb-icon ghb-icon-shop-o ghb-goods-action-icon__icon">
          <!---->
        </div>店铺
      </div> <button class="ghb-button ghb-button--danger ghb-button--large ghb-goods-action-button ghb-goods-action-button--first ghb-goods-action-button--last ghb-goods-action-button--danger">
        <div class="ghb-button__content"><span class="ghb-button__text">立即购买</span></div>
      </button>
    </div>
  </div>
  <div>
    <div class="ghb-goods-action">
      <div role="button" tabindex="0" class="ghb-goods-action-icon">
        <div class="ghb-icon ghb-icon-chat-o ghb-goods-action-icon__icon">
          <div class="ghb-info ghb-info--dot"></div>
        </div>客服
      </div>
      <div role="button" tabindex="0" class="ghb-goods-action-icon">
        <div class="ghb-icon ghb-icon-cart-o ghb-goods-action-icon__icon">
          <div class="ghb-info">5</div>
        </div>购物车
      </div>
      <div role="button" tabindex="0" class="ghb-goods-action-icon">
        <div class="ghb-icon ghb-icon-shop-o ghb-goods-action-icon__icon">
          <div class="ghb-info">12</div>
        </div>店铺
      </div> <button class="ghb-button ghb-button--warning ghb-button--large ghb-goods-action-button ghb-goods-action-button--first ghb-goods-action-button--warning">
        <div class="ghb-button__content"><span class="ghb-button__text">加入购物车</span></div>
      </button> <button class="ghb-button ghb-button--danger ghb-button--large ghb-goods-action-button ghb-goods-action-button--last ghb-goods-action-button--danger">
        <div class="ghb-button__content"><span class="ghb-button__text">立即购买</span></div>
      </button>
    </div>
  </div>
  <div>
    <div class="ghb-goods-action">
      <div role="button" tabindex="0" class="ghb-goods-action-icon">
        <div class="ghb-icon ghb-icon-chat-o ghb-goods-action-icon__icon" style="color: rgb(238, 10, 36);">
          <!---->
        </div>客服
      </div>
      <div role="button" tabindex="0" class="ghb-goods-action-icon">
        <div class="ghb-icon ghb-icon-cart-o ghb-goods-action-icon__icon">
          <!---->
        </div>购物车
      </div>
      <div role="button" tabindex="0" class="ghb-goods-action-icon">
        <div class="ghb-icon ghb-icon-star ghb-goods-action-icon__icon" style="color: rgb(255, 80, 0);">
          <!---->
        </div>已收藏
      </div> <button class="ghb-button ghb-button--warning ghb-button--large ghb-goods-action-button ghb-goods-action-button--first ghb-goods-action-button--warning">
        <div class="ghb-button__content"><span class="ghb-button__text">加入购物车</span></div>
      </button> <button class="ghb-button ghb-button--danger ghb-button--large ghb-goods-action-button ghb-goods-action-button--last ghb-goods-action-button--danger">
        <div class="ghb-button__content"><span class="ghb-button__text">立即购买</span></div>
      </button>
    </div>
  </div>
  <div>
    <div class="ghb-goods-action">
      <div role="button" tabindex="0" class="ghb-goods-action-icon">
        <div class="ghb-icon ghb-icon-chat-o ghb-goods-action-icon__icon">
          <!---->
        </div>客服
      </div>
      <div role="button" tabindex="0" class="ghb-goods-action-icon">
        <div class="ghb-icon ghb-icon-cart-o ghb-goods-action-icon__icon">
          <!---->
        </div>购物车
      </div> <button class="ghb-button ghb-button--warning ghb-button--large ghb-goods-action-button ghb-goods-action-button--first ghb-goods-action-button--warning" style="color: white; background: rgb(190, 153, 255); border-color: #be99ff;">
        <div class="ghb-button__content"><span class="ghb-button__text">加入购物车</span></div>
      </button> <button class="ghb-button ghb-button--danger ghb-button--large ghb-goods-action-button ghb-goods-action-button--last ghb-goods-action-button--danger" style="color: white; background: rgb(114, 50, 221); border-color: #7232dd;">
        <div class="ghb-button__content"><span class="ghb-button__text">立即购买</span></div>
      </button>
    </div>
  </div>
</div>
`;
