// Jest Snapshot v1, https://goo.gl/fbAQLP

exports[`renders demo correctly 1`] = `
<div>
  <div>
    <div role="button" tabindex="0" class="ghb-cell ghb-cell--clickable">
      <div class="ghb-cell__title"><span>提示弹窗</span></div><i class="ghb-icon ghb-icon-arrow ghb-cell__right-icon">
        <!----></i>
    </div>
    <div role="button" tabindex="0" class="ghb-cell ghb-cell--clickable">
      <div class="ghb-cell__title"><span>提示弹窗（无标题）</span></div><i class="ghb-icon ghb-icon-arrow ghb-cell__right-icon">
        <!----></i>
    </div>
    <div role="button" tabindex="0" class="ghb-cell ghb-cell--clickable">
      <div class="ghb-cell__title"><span>确认弹窗</span></div><i class="ghb-icon ghb-icon-arrow ghb-cell__right-icon">
        <!----></i>
    </div>
  </div>
  <div>
    <div role="button" tabindex="0" class="ghb-cell ghb-cell--clickable">
      <div class="ghb-cell__title"><span>提示弹窗</span></div><i class="ghb-icon ghb-icon-arrow ghb-cell__right-icon">
        <!----></i>
    </div>
    <div role="button" tabindex="0" class="ghb-cell ghb-cell--clickable">
      <div class="ghb-cell__title"><span>提示弹窗（无标题）</span></div><i class="ghb-icon ghb-icon-arrow ghb-cell__right-icon">
        <!----></i>
    </div>
  </div>
  <div>
    <div role="button" tabindex="0" class="ghb-cell ghb-cell--clickable">
      <div class="ghb-cell__title"><span>异步关闭</span></div><i class="ghb-icon ghb-icon-arrow ghb-cell__right-icon">
        <!----></i>
    </div>
  </div>
  <div>
    <div role="button" tabindex="0" class="ghb-cell ghb-cell--clickable">
      <div class="ghb-cell__title"><span>组件调用</span></div><i class="ghb-icon ghb-icon-arrow ghb-cell__right-icon">
        <!----></i>
    </div>
    <div role="dialog" aria-labelledby="标题" tabindex="0" class="ghb-dialog" style="display: none;" name="ghb-dialog-bounce">
      <div class="ghb-dialog__header">标题</div>
      <div class="ghb-dialog__content"><img src="https://img01.yzcdn.cn/vant/apple-3.jpg"></div>
      <div class="ghb-hairline--top ghb-dialog__footer"><button type="button" class="ghb-button ghb-button--default ghb-button--large ghb-dialog__cancel">
          <div class="ghb-button__content"><span class="ghb-button__text">取消</span></div>
        </button><button type="button" class="ghb-button ghb-button--default ghb-button--large ghb-dialog__confirm ghb-hairline--left">
          <div class="ghb-button__content"><span class="ghb-button__text">确认弹窗</span></div>
        </button></div>
    </div>
  </div>
</div>
`;
