// Jest Snapshot v1, https://goo.gl/fbAQLP

exports[`renders demo correctly 1`] = `
<div>
  <div><span class="ghb-popover__wrapper" style="margin-left: 16px;"><button class="ghb-button ghb-button--primary ghb-button--normal"><div class="ghb-button__content"><span class="ghb-button__text">
          浅色风格
        </span></div></button></span> <span class="ghb-popover__wrapper" style="margin-left: 16px;"><button class="ghb-button ghb-button--primary ghb-button--normal"><div class="ghb-button__content"><span class="ghb-button__text">
          深色风格
        </span>
</div></button></span></div>
<div>
  <div role="button" tabindex="0" class="ghb-cell ghb-cell--clickable ghb-field">
    <div class="ghb-cell__title ghb-field__label"><span>选择弹出位置</span></div>
    <div class="ghb-cell__value ghb-field__value">
      <div class="ghb-field__body"><input type="text" name="picker" readonly="readonly" class="ghb-field__control"></div>
    </div><i class="ghb-icon ghb-icon-arrow ghb-cell__right-icon">
      <!----></i>
  </div>
</div>
<div><span class="ghb-popover__wrapper" style="margin-left: 16px;"><button class="ghb-button ghb-button--primary ghb-button--normal"><div class="ghb-button__content"><span class="ghb-button__text">
          展示图标
        </span></div></button></span> <span class="ghb-popover__wrapper" style="margin-left: 16px;"><button class="ghb-button ghb-button--primary ghb-button--normal"><div class="ghb-button__content"><span class="ghb-button__text">
          禁用选项
        </span></div></button></span></div>
<div><span class="ghb-popover__wrapper" style="margin-left: 16px;"><button class="ghb-button ghb-button--primary ghb-button--normal"><div class="ghb-button__content"><span class="ghb-button__text">
          自定义内容
        </span></div></button></span></div>
</div>
`;
