// Jest Snapshot v1, https://goo.gl/fbAQLP

exports[`renders demo correctly 1`] = `
<div>
  <div>
    <div class="ghb-steps ghb-steps--horizontal">
      <div class="ghb-steps__items">
        <div class="ghb-hairline ghb-step ghb-step--horizontal ghb-step--finish">
          <div class="ghb-step__title">买家下单</div>
          <div class="ghb-step__circle-container"><i class="ghb-step__circle"></i></div>
          <div class="ghb-step__line"></div>
        </div>
        <div class="ghb-hairline ghb-step ghb-step--horizontal ghb-step--process">
          <div class="ghb-step__title ghb-step__title--active">商家接单</div>
          <div class="ghb-step__circle-container"><i class="ghb-icon ghb-icon-checked ghb-step__icon ghb-step__icon--active">
              <!----></i></div>
          <div class="ghb-step__line"></div>
        </div>
        <div class="ghb-hairline ghb-step ghb-step--horizontal">
          <div class="ghb-step__title">买家提货</div>
          <div class="ghb-step__circle-container"><i class="ghb-step__circle"></i></div>
          <div class="ghb-step__line"></div>
        </div>
        <div class="ghb-hairline ghb-step ghb-step--horizontal">
          <div class="ghb-step__title">交易完成</div>
          <div class="ghb-step__circle-container"><i class="ghb-step__circle"></i></div>
          <div class="ghb-step__line"></div>
        </div>
      </div>
    </div> <button class="ghb-button ghb-button--default ghb-button--normal">
      <div class="ghb-button__content"><span class="ghb-button__text">下一步</span></div>
    </button>
  </div>
  <div>
    <div class="ghb-steps ghb-steps--horizontal">
      <div class="ghb-steps__items">
        <div class="ghb-hairline ghb-step ghb-step--horizontal ghb-step--finish">
          <div class="ghb-step__title">买家下单</div>
          <div class="ghb-step__circle-container"><i class="ghb-icon ghb-icon-arrow ghb-step__icon">
              <!----></i></div>
          <div class="ghb-step__line" style="background: rgb(51, 136, 255);"></div>
        </div>
        <div class="ghb-hairline ghb-step ghb-step--horizontal ghb-step--process">
          <div class="ghb-step__title ghb-step__title--active" style="color: rgb(51, 136, 255);">商家接单</div>
          <div class="ghb-step__circle-container"><i class="ghb-icon ghb-icon-success ghb-step__icon ghb-step__icon--active" style="color: rgb(51, 136, 255);">
              <!----></i></div>
          <div class="ghb-step__line"></div>
        </div>
        <div class="ghb-hairline ghb-step ghb-step--horizontal">
          <div class="ghb-step__title">买家提货</div>
          <div class="ghb-step__circle-container"><i class="ghb-icon ghb-icon-arrow ghb-step__icon">
              <!----></i></div>
          <div class="ghb-step__line"></div>
        </div>
        <div class="ghb-hairline ghb-step ghb-step--horizontal">
          <div class="ghb-step__title">交易完成</div>
          <div class="ghb-step__circle-container"><i class="ghb-icon ghb-icon-arrow ghb-step__icon">
              <!----></i></div>
          <div class="ghb-step__line"></div>
        </div>
      </div>
    </div>
  </div>
  <div>
    <div class="ghb-steps ghb-steps--vertical">
      <div class="ghb-steps__items">
        <div class="ghb-hairline ghb-step ghb-step--vertical ghb-step--process">
          <div class="ghb-step__title ghb-step__title--active">
            <h3>【城市】物流状态1</h3>
            <p>2016-07-12 12:40</p>
          </div>
          <div class="ghb-step__circle-container"><i class="ghb-icon ghb-icon-checked ghb-step__icon ghb-step__icon--active">
              <!----></i></div>
          <div class="ghb-step__line"></div>
        </div>
        <div class="ghb-hairline ghb-step ghb-step--vertical">
          <div class="ghb-step__title">
            <h3>【城市】物流状态</h3>
            <p>2016-07-11 10:00</p>
          </div>
          <div class="ghb-step__circle-container"><i class="ghb-step__circle"></i></div>
          <div class="ghb-step__line"></div>
        </div>
        <div class="ghb-hairline ghb-step ghb-step--vertical">
          <div class="ghb-step__title">
            <h3>快件已发货</h3>
            <p>2016-07-10 09:30</p>
          </div>
          <div class="ghb-step__circle-container"><i class="ghb-step__circle"></i></div>
          <div class="ghb-step__line"></div>
        </div>
      </div>
    </div>
  </div>
</div>
`;
