// Jest Snapshot v1, https://goo.gl/fbAQLP

exports[`renders demo correctly 1`] = `
<div>
  <div>
    <ul class="ghb-pagination">
      <li class="ghb-pagination__item ghb-pagination__item--disabled ghb-pagination__prev ghb-hairline">上一页</li>
      <li class="ghb-pagination__item ghb-pagination__item--active ghb-pagination__page ghb-hairline">1</li>
      <li class="ghb-pagination__item ghb-pagination__page ghb-hairline">2</li>
      <li class="ghb-pagination__item ghb-pagination__page ghb-hairline">3</li>
      <li class="ghb-pagination__item ghb-pagination__page ghb-hairline">4</li>
      <li class="ghb-pagination__item ghb-pagination__page ghb-hairline">5</li>
      <li class="ghb-pagination__item ghb-pagination__next ghb-hairline">下一页</li>
    </ul>
  </div>
  <div>
    <ul class="ghb-pagination ghb-pagination--simple" size="small">
      <li class="ghb-pagination__item ghb-pagination__item--disabled ghb-pagination__prev ghb-hairline">上一页</li>
      <li class="ghb-pagination__page-desc">1/12</li>
      <li class="ghb-pagination__item ghb-pagination__next ghb-hairline">下一页</li>
    </ul>
  </div>
  <div>
    <ul class="ghb-pagination">
      <li class="ghb-pagination__item ghb-pagination__item--disabled ghb-pagination__prev ghb-hairline">上一页</li>
      <li class="ghb-pagination__item ghb-pagination__item--active ghb-pagination__page ghb-hairline">1</li>
      <li class="ghb-pagination__item ghb-pagination__page ghb-hairline">2</li>
      <li class="ghb-pagination__item ghb-pagination__page ghb-hairline">3</li>
      <li class="ghb-pagination__item ghb-pagination__page ghb-hairline">...</li>
      <li class="ghb-pagination__item ghb-pagination__next ghb-hairline">下一页</li>
    </ul>
  </div>
  <div>
    <ul class="ghb-pagination">
      <li class="ghb-pagination__item ghb-pagination__item--disabled ghb-pagination__prev ghb-hairline"><i class="ghb-icon ghb-icon-arrow-left">
          <!----></i></li>
      <li class="ghb-pagination__item ghb-pagination__item--active ghb-pagination__page ghb-hairline">1</li>
      <li class="ghb-pagination__item ghb-pagination__page ghb-hairline">2</li>
      <li class="ghb-pagination__item ghb-pagination__page ghb-hairline">3</li>
      <li class="ghb-pagination__item ghb-pagination__page ghb-hairline">4</li>
      <li class="ghb-pagination__item ghb-pagination__page ghb-hairline">5</li>
      <li class="ghb-pagination__item ghb-pagination__next ghb-hairline"><i class="ghb-icon ghb-icon-arrow">
          <!----></i></li>
    </ul>
  </div>
</div>
`;
