// Jest Snapshot v1, https://goo.gl/fbAQLP

exports[`renders demo correctly 1`] = `
<div>
  <div>
    <div role="button" tabindex="0" class="ghb-cell ghb-cell--clickable ghb-cell--center ghb-cell--borderless ghb-contact-card ghb-contact-card--add"><i class="ghb-icon ghb-icon-add-square ghb-cell__left-icon">
        <!----></i>
      <div class="ghb-cell__value ghb-cell__value--alone ghb-contact-card__value">添加联系人</div><i class="ghb-icon ghb-icon-arrow ghb-cell__right-icon">
        <!----></i>
    </div>
  </div>
  <div>
    <div role="button" tabindex="0" class="ghb-cell ghb-cell--clickable ghb-cell--center ghb-cell--borderless ghb-contact-card ghb-contact-card--edit"><i class="ghb-icon ghb-icon-contact ghb-cell__left-icon">
        <!----></i>
      <div class="ghb-cell__value ghb-cell__value--alone ghb-contact-card__value">
        <div>张三：张三</div>
        <div>电话：13000000000</div>
      </div><i class="ghb-icon ghb-icon-arrow ghb-cell__right-icon">
        <!----></i>
    </div>
  </div>
  <div>
    <div class="ghb-cell ghb-cell--center ghb-cell--borderless ghb-contact-card ghb-contact-card--edit"><i class="ghb-icon ghb-icon-contact ghb-cell__left-icon">
        <!----></i>
      <div class="ghb-cell__value ghb-cell__value--alone ghb-contact-card__value">
        <div>张三：张三</div>
        <div>电话：13000000000</div>
      </div>
    </div>
  </div>
</div>
`;
