// Jest Snapshot v1, https://goo.gl/fbAQLP

exports[`renders demo correctly 1`] = `
<div>
  <div>
    <div role="button" tabindex="0" class="ghb-cell ghb-cell--clickable ghb-field">
      <div class="ghb-cell__title ghb-field__label"><span>地区</span></div>
      <div class="ghb-cell__value ghb-field__value">
        <div class="ghb-field__body"><input type="text" readonly="readonly" placeholder="请选择所在地区" class="ghb-field__control"></div>
      </div><i class="ghb-icon ghb-icon-arrow ghb-cell__right-icon">
        <!----></i>
    </div>
  </div>
  <div>
    <div role="button" tabindex="0" class="ghb-cell ghb-cell--clickable ghb-field">
      <div class="ghb-cell__title ghb-field__label"><span>地区</span></div>
      <div class="ghb-cell__value ghb-field__value">
        <div class="ghb-field__body"><input type="text" readonly="readonly" placeholder="请选择所在地区" class="ghb-field__control"></div>
      </div><i class="ghb-icon ghb-icon-arrow ghb-cell__right-icon">
        <!----></i>
    </div>
  </div>
  <div>
    <div role="button" tabindex="0" class="ghb-cell ghb-cell--clickable ghb-field">
      <div class="ghb-cell__title ghb-field__label"><span>地区</span></div>
      <div class="ghb-cell__value ghb-field__value">
        <div class="ghb-field__body"><input type="text" readonly="readonly" placeholder="请选择所在地区" class="ghb-field__control"></div>
      </div><i class="ghb-icon ghb-icon-arrow ghb-cell__right-icon">
        <!----></i>
    </div>
  </div>
  <div>
    <div role="button" tabindex="0" class="ghb-cell ghb-cell--clickable ghb-field">
      <div class="ghb-cell__title ghb-field__label"><span>地区</span></div>
      <div class="ghb-cell__value ghb-field__value">
        <div class="ghb-field__body"><input type="text" readonly="readonly" placeholder="请选择所在地区" class="ghb-field__control"></div>
      </div><i class="ghb-icon ghb-icon-arrow ghb-cell__right-icon">
        <!----></i>
    </div>
  </div>
</div>
`;
