// Jest Snapshot v1, https://goo.gl/fbAQLP

exports[`should render title slot correctly 1`] = `<h2 class="ghb-cascader__title">Custom Title</h2>`;

exports[`should select correct option when value changed 1`] = `
<li class="ghb-cascader__option ghb-cascader__option--selected"><span>Ouhai</span><i class="ghb-icon ghb-icon-success ghb-cascader__selected-icon">
    <!----></i></li>
`;

exports[`should update tabs when previous tab is clicked 1`] = `
<div class="ghb-cascader">
  <div class="ghb-cascader__header">
    <h2 class="ghb-cascader__title"></h2><i class="ghb-icon ghb-icon-cross ghb-cascader__close-icon">
      <!----></i>
  </div>
  <div class="ghb-tabs ghb-tabs--line ghb-cascader__tabs">
    <div class="ghb-tabs__wrap ghb-tabs__wrap--scrollable">
      <div role="tablist" class="ghb-tabs__nav ghb-tabs__nav--line ghb-tabs__nav--complete">
        <div role="tab" class="ghb-tab ghb-cascader__tab"><span class="ghb-tab__text">Jiangsu</span></div>
        <div role="tab" class="ghb-tab ghb-tab--active ghb-cascader__tab ghb-cascader__tab--unselected" aria-selected="true"><span class="ghb-tab__text">请选择</span></div>
        <div class="ghb-tabs__line" style="transform: translateX(0px) translateX(-50%); transition-duration: 0.3s;"></div>
      </div>
    </div>
    <div class="ghb-tabs__content ghb-tabs__content--animated">
      <div class="ghb-tabs__track" style="transform: translate3d(-100%, 0, 0); transition-duration: 0.3s;">
        <div role="tabpanel" class="ghb-tab__pane-wrapper ghb-tab__pane-wrapper--inactive" aria-hidden="true">
          <div class="ghb-tab__pane">
            <ul class="ghb-cascader__options">
              <li class="ghb-cascader__option"><span>Zhejiang</span></li>
              <li class="ghb-cascader__option ghb-cascader__option--selected"><span>Jiangsu</span><i class="ghb-icon ghb-icon-success ghb-cascader__selected-icon">
                  <!----></i></li>
            </ul>
          </div>
        </div>
        <div role="tabpanel" class="ghb-tab__pane-wrapper">
          <div class="ghb-tab__pane">
            <ul class="ghb-cascader__options">
              <li class="ghb-cascader__option"><span>Nanjing</span></li>
              <li class="ghb-cascader__option"><span>Wuxi</span></li>
              <li class="ghb-cascader__option"><span>Xuzhou</span></li>
            </ul>
          </div>
        </div>
      </div>
    </div>
  </div>
</div>
`;
