// Jest Snapshot v1, https://goo.gl/fbAQLP

exports[`renders demo correctly 1`] = `
<div>
  <div>
    <div class="ghb-contact-edit">
      <div class="ghb-contact-edit__fields">
        <div class="ghb-cell ghb-field">
          <div class="ghb-cell__title ghb-field__label"><span>姓名</span></div>
          <div class="ghb-cell__value ghb-field__value">
            <div class="ghb-field__body"><input type="text" placeholder="请填写姓名" class="ghb-field__control"></div>
          </div>
        </div>
        <div class="ghb-cell ghb-field">
          <div class="ghb-cell__title ghb-field__label"><span>电话</span></div>
          <div class="ghb-cell__value ghb-field__value">
            <div class="ghb-field__body"><input type="tel" placeholder="请填写电话" class="ghb-field__control"></div>
          </div>
        </div>
      </div>
      <div class="ghb-cell ghb-cell--borderless ghb-contact-edit__switch-cell">
        <div class="ghb-cell__title"><span>设为默认联系人</span></div>
        <div role="switch" aria-checked="false" class="ghb-switch" style="font-size: 24px;">
          <div class="ghb-switch__node"></div>
        </div>
      </div>
      <div class="ghb-contact-edit__buttons"><button class="ghb-button ghb-button--danger ghb-button--normal ghb-button--block ghb-button--round">
          <div class="ghb-button__content"><span class="ghb-button__text">保存</span></div>
        </button><button class="ghb-button ghb-button--default ghb-button--normal ghb-button--block ghb-button--round">
          <div class="ghb-button__content"><span class="ghb-button__text">删除</span></div>
        </button></div>
    </div>
  </div>
</div>
`;
