// Jest Snapshot v1, https://goo.gl/fbAQLP

exports[`renders demo correctly 1`] = `
<div>
  <div>
    <div role="radiogroup" class="demo-radio-group ghb-radio-group">
      <div role="radio" tabindex="0" aria-checked="true" class="ghb-radio">
        <div class="ghb-radio__icon ghb-radio__icon--round ghb-radio__icon--checked"><i class="ghb-icon ghb-icon-success">
            <!----></i></div><span class="ghb-radio__label">单选框 1</span>
      </div>
      <div role="radio" tabindex="-1" aria-checked="false" class="ghb-radio">
        <div class="ghb-radio__icon ghb-radio__icon--round"><i class="ghb-icon ghb-icon-success">
            <!----></i></div><span class="ghb-radio__label">单选框 2</span>
      </div>
    </div>
  </div>
  <div>
    <div role="radiogroup" class="demo-radio-group ghb-radio-group ghb-radio-group--horizontal">
      <div role="radio" tabindex="0" aria-checked="true" class="ghb-radio ghb-radio--horizontal">
        <div class="ghb-radio__icon ghb-radio__icon--round ghb-radio__icon--checked"><i class="ghb-icon ghb-icon-success">
            <!----></i></div><span class="ghb-radio__label">单选框 1</span>
      </div>
      <div role="radio" tabindex="-1" aria-checked="false" class="ghb-radio ghb-radio--horizontal">
        <div class="ghb-radio__icon ghb-radio__icon--round"><i class="ghb-icon ghb-icon-success">
            <!----></i></div><span class="ghb-radio__label">单选框 2</span>
      </div>
    </div>
  </div>
  <div>
    <div role="radiogroup" class="demo-radio-group ghb-radio-group">
      <div role="radio" tabindex="-1" aria-checked="false" class="ghb-radio ghb-radio--disabled">
        <div class="ghb-radio__icon ghb-radio__icon--round ghb-radio__icon--disabled"><i class="ghb-icon ghb-icon-success">
            <!----></i></div><span class="ghb-radio__label ghb-radio__label--disabled">单选框 1</span>
      </div>
      <div role="radio" tabindex="-1" aria-checked="true" class="ghb-radio ghb-radio--disabled">
        <div class="ghb-radio__icon ghb-radio__icon--round ghb-radio__icon--disabled ghb-radio__icon--checked"><i class="ghb-icon ghb-icon-success">
            <!----></i></div><span class="ghb-radio__label ghb-radio__label--disabled">单选框 2</span>
      </div>
    </div>
  </div>
  <div>
    <div role="radiogroup" class="demo-radio-group ghb-radio-group">
      <div role="radio" tabindex="0" aria-checked="true" class="ghb-radio">
        <div class="ghb-radio__icon ghb-radio__icon--square ghb-radio__icon--checked"><i class="ghb-icon ghb-icon-success">
            <!----></i></div><span class="ghb-radio__label">单选框 1</span>
      </div>
      <div role="radio" tabindex="-1" aria-checked="false" class="ghb-radio">
        <div class="ghb-radio__icon ghb-radio__icon--square"><i class="ghb-icon ghb-icon-success">
            <!----></i></div><span class="ghb-radio__label">单选框 2</span>
      </div>
    </div>
  </div>
  <div>
    <div role="radiogroup" class="demo-radio-group ghb-radio-group">
      <div role="radio" tabindex="0" aria-checked="true" class="ghb-radio">
        <div class="ghb-radio__icon ghb-radio__icon--round ghb-radio__icon--checked"><i class="ghb-icon ghb-icon-success" style="border-color: #ee0a24; background-color: rgb(238, 10, 36);">
            <!----></i></div><span class="ghb-radio__label">
        单选框 1
      </span>
      </div>
      <div role="radio" tabindex="-1" aria-checked="false" class="ghb-radio">
        <div class="ghb-radio__icon ghb-radio__icon--round"><i class="ghb-icon ghb-icon-success">
            <!----></i></div><span class="ghb-radio__label">
        单选框 2
      </span>
      </div>
    </div>
  </div>
  <div>
    <div role="radiogroup" class="demo-radio-group ghb-radio-group">
      <div role="radio" tabindex="0" aria-checked="true" class="ghb-radio">
        <div class="ghb-radio__icon ghb-radio__icon--round ghb-radio__icon--checked" style="font-size: 24px;"><i class="ghb-icon ghb-icon-success">
            <!----></i></div><span class="ghb-radio__label"> 单选框 1 </span>
      </div>
      <div role="radio" tabindex="-1" aria-checked="false" class="ghb-radio">
        <div class="ghb-radio__icon ghb-radio__icon--round" style="font-size: 24px;"><i class="ghb-icon ghb-icon-success">
            <!----></i></div><span class="ghb-radio__label"> 单选框 2 </span>
      </div>
    </div>
  </div>
  <div>
    <div role="radiogroup" class="demo-radio-group ghb-radio-group">
      <div role="radio" tabindex="0" aria-checked="true" class="ghb-radio">
        <div class="ghb-radio__icon ghb-radio__icon--round ghb-radio__icon--checked"><img src="https://img01.yzcdn.cn/vant/user-active.png"></div><span class="ghb-radio__label">
        单选框 1
        </span>
      </div>
      <div role="radio" tabindex="-1" aria-checked="false" class="ghb-radio">
        <div class="ghb-radio__icon ghb-radio__icon--round"><img src="https://img01.yzcdn.cn/vant/user-inactive.png"></div><span class="ghb-radio__label">
        单选框 2
        </span>
      </div>
    </div>
  </div>
  <div>
    <div role="radiogroup" class="demo-radio-group ghb-radio-group">
      <div role="radio" tabindex="0" aria-checked="true" class="ghb-radio ghb-radio--label-disabled">
        <div class="ghb-radio__icon ghb-radio__icon--round ghb-radio__icon--checked"><i class="ghb-icon ghb-icon-success">
            <!----></i></div><span class="ghb-radio__label">单选框 1</span>
      </div>
      <div role="radio" tabindex="-1" aria-checked="false" class="ghb-radio ghb-radio--label-disabled">
        <div class="ghb-radio__icon ghb-radio__icon--round"><i class="ghb-icon ghb-icon-success">
            <!----></i></div><span class="ghb-radio__label">单选框 2</span>
      </div>
    </div>
  </div>
  <div>
    <div role="radiogroup" class="ghb-radio-group">
      <div class="ghb-cell-group ghb-hairline--top-bottom">
        <div role="button" tabindex="0" class="ghb-cell ghb-cell--clickable">
          <div class="ghb-cell__title"><span>单选框1</span></div>
          <div role="radio" tabindex="0" aria-checked="true" class="ghb-radio">
            <div class="ghb-radio__icon ghb-radio__icon--round ghb-radio__icon--checked"><i class="ghb-icon ghb-icon-success">
                <!----></i></div>
          </div>
        </div>
        <div role="button" tabindex="0" class="ghb-cell ghb-cell--clickable">
          <div class="ghb-cell__title"><span>单选框2</span></div>
          <div role="radio" tabindex="-1" aria-checked="false" class="ghb-radio">
            <div class="ghb-radio__icon ghb-radio__icon--round"><i class="ghb-icon ghb-icon-success">
                <!----></i></div>
          </div>
        </div>
      </div>
    </div>
  </div>
</div>
`;
