// Jest Snapshot v1, https://goo.gl/fbAQLP

exports[`renders demo correctly 1`] = `
<div>
  <div class="ghb-tabs ghb-tabs--line">
    <div class="ghb-tabs__wrap">
      <div role="tablist" class="ghb-tabs__nav ghb-tabs__nav--line">
        <div role="tab" aria-selected="true" class="ghb-tab ghb-tab--active"><span class="ghb-tab__text ghb-tab__text--ellipsis">基础用法</span></div>
        <div role="tab" class="ghb-tab"><span class="ghb-tab__text ghb-tab__text--ellipsis">成功提示</span></div>
        <div role="tab" class="ghb-tab"><span class="ghb-tab__text ghb-tab__text--ellipsis">自定义提示</span></div>
        <div class="ghb-tabs__line" style="transform: translateX(0px) translateX(-50%);"></div>
      </div>
    </div>
    <div class="ghb-tabs__content">
      <div role="tabpanel" class="ghb-tab__pane" style="">
        <div class="ghb-pull-refresh">
          <div class="ghb-pull-refresh__track" style="transition-duration: 0ms;">
            <div class="ghb-pull-refresh__head"></div>
            <p>下拉试试</p>
          </div>
        </div>
      </div>
      <div role="tabpanel" class="ghb-tab__pane" style="display: none;">
        <!---->
      </div>
      <div role="tabpanel" class="ghb-tab__pane" style="display: none;">
        <!---->
      </div>
    </div>
  </div>
</div>
`;
