// Jest Snapshot v1, https://goo.gl/fbAQLP

exports[`renders demo correctly 1`] = `
<div>
  <div>
    <form class="ghb-form">
      <div class="ghb-cell ghb-field">
        <div class="ghb-cell__title ghb-field__label"><span>用户名</span></div>
        <div class="ghb-cell__value ghb-field__value">
          <div class="ghb-field__body"><input type="text" name="username" placeholder="用户名" class="ghb-field__control"></div>
        </div>
      </div>
      <div class="ghb-cell ghb-field">
        <div class="ghb-cell__title ghb-field__label"><span>密码</span></div>
        <div class="ghb-cell__value ghb-field__value">
          <div class="ghb-field__body"><input type="password" name="password" placeholder="密码" class="ghb-field__control"></div>
        </div>
      </div>
      <div style="margin: 16px 16px 0px;"><button type="submit" class="ghb-button ghb-button--info ghb-button--normal ghb-button--block ghb-button--round">
          <div class="ghb-button__content"><span class="ghb-button__text">
        提交
      </span></div>
        </button></div>
    </form>
  </div>
  <div>
    <form class="ghb-form">
      <div class="ghb-cell ghb-field">
        <div class="ghb-cell__title ghb-field__label"><span>文本</span></div>
        <div class="ghb-cell__value ghb-field__value">
          <div class="ghb-field__body"><input type="text" name="pattern" placeholder="正则校验" class="ghb-field__control"></div>
        </div>
      </div>
      <div class="ghb-cell ghb-field">
        <div class="ghb-cell__title ghb-field__label"><span>文本</span></div>
        <div class="ghb-cell__value ghb-field__value">
          <div class="ghb-field__body"><input type="text" name="validator" placeholder="函数校验" class="ghb-field__control"></div>
        </div>
      </div>
      <div class="ghb-cell ghb-field">
        <div class="ghb-cell__title ghb-field__label"><span>文本</span></div>
        <div class="ghb-cell__value ghb-field__value">
          <div class="ghb-field__body"><input type="text" name="asyncValidator" placeholder="异步函数校验" class="ghb-field__control"></div>
        </div>
      </div>
      <div style="margin: 16px 16px 0px;"><button type="submit" class="ghb-button ghb-button--info ghb-button--normal ghb-button--block ghb-button--round">
          <div class="ghb-button__content"><span class="ghb-button__text">
        提交
      </span></div>
        </button></div>
    </form>
  </div>
  <div>
    <form class="ghb-form">
      <div class="ghb-cell ghb-field">
        <div class="ghb-cell__title ghb-field__label"><span>开关</span></div>
        <div class="ghb-cell__value ghb-field__value">
          <div class="ghb-field__body">
            <div class="ghb-field__control ghb-field__control--custom">
              <div role="switch" aria-checked="false" class="ghb-switch" style="font-size: 20px;">
                <div class="ghb-switch__node"></div>
              </div>
            </div>
          </div>
        </div>
      </div>
      <div class="ghb-cell ghb-field">
        <div class="ghb-cell__title ghb-field__label"><span>复选框</span></div>
        <div class="ghb-cell__value ghb-field__value">
          <div class="ghb-field__body">
            <div class="ghb-field__control ghb-field__control--custom">
              <div role="checkbox" tabindex="0" aria-checked="false" class="ghb-checkbox">
                <div class="ghb-checkbox__icon ghb-checkbox__icon--square"><i class="ghb-icon ghb-icon-success">
                    <!----></i></div>
              </div>
            </div>
          </div>
        </div>
      </div>
      <div class="ghb-cell ghb-field">
        <div class="ghb-cell__title ghb-field__label"><span>复选框组</span></div>
        <div class="ghb-cell__value ghb-field__value">
          <div class="ghb-field__body">
            <div class="ghb-field__control ghb-field__control--custom">
              <div class="ghb-checkbox-group ghb-checkbox-group--horizontal">
                <div role="checkbox" tabindex="0" aria-checked="false" class="ghb-checkbox ghb-checkbox--horizontal">
                  <div class="ghb-checkbox__icon ghb-checkbox__icon--square"><i class="ghb-icon ghb-icon-success">
                      <!----></i></div><span class="ghb-checkbox__label">
            复选框 1
          </span>
                </div>
                <div role="checkbox" tabindex="0" aria-checked="false" class="ghb-checkbox ghb-checkbox--horizontal">
                  <div class="ghb-checkbox__icon ghb-checkbox__icon--square"><i class="ghb-icon ghb-icon-success">
                      <!----></i></div><span class="ghb-checkbox__label">
            复选框 2
          </span>
                </div>
              </div>
            </div>
          </div>
        </div>
      </div>
      <div class="ghb-cell ghb-field">
        <div class="ghb-cell__title ghb-field__label"><span>单选框</span></div>
        <div class="ghb-cell__value ghb-field__value">
          <div class="ghb-field__body">
            <div class="ghb-field__control ghb-field__control--custom">
              <div role="radiogroup" class="ghb-radio-group ghb-radio-group--horizontal">
                <div role="radio" tabindex="0" aria-checked="true" class="ghb-radio ghb-radio--horizontal">
                  <div class="ghb-radio__icon ghb-radio__icon--round ghb-radio__icon--checked"><i class="ghb-icon ghb-icon-success">
                      <!----></i></div><span class="ghb-radio__label">单选框 1</span>
                </div>
                <div role="radio" tabindex="-1" aria-checked="false" class="ghb-radio ghb-radio--horizontal">
                  <div class="ghb-radio__icon ghb-radio__icon--round"><i class="ghb-icon ghb-icon-success">
                      <!----></i></div><span class="ghb-radio__label">单选框 2</span>
                </div>
              </div>
            </div>
          </div>
        </div>
      </div>
      <div class="ghb-cell ghb-field">
        <div class="ghb-cell__title ghb-field__label"><span>步进器</span></div>
        <div class="ghb-cell__value ghb-field__value">
          <div class="ghb-field__body">
            <div class="ghb-field__control ghb-field__control--custom">
              <div class="ghb-stepper"><button type="button" class="ghb-stepper__minus ghb-stepper__minus--disabled"></button><input type="text" role="spinbutton" inputmode="decimal" aria-valuemax="Infinity" aria-valuemin="1" aria-valuenow="1" class="ghb-stepper__input"><button type="button" class="ghb-stepper__plus"></button></div>
            </div>
          </div>
        </div>
      </div>
      <div class="ghb-cell ghb-field">
        <div class="ghb-cell__title ghb-field__label"><span>评分</span></div>
        <div class="ghb-cell__value ghb-field__value">
          <div class="ghb-field__body">
            <div class="ghb-field__control ghb-field__control--custom">
              <div tabindex="0" role="radiogroup" class="ghb-rate">
                <div role="radio" tabindex="0" aria-setsize="5" aria-posinset="1" aria-checked="true" class="ghb-rate__item"><i data-score="1" class="ghb-icon ghb-icon-star ghb-rate__icon ghb-rate__icon--full">
                    <!----></i></div>
                <div role="radio" tabindex="0" aria-setsize="5" aria-posinset="2" aria-checked="true" class="ghb-rate__item"><i data-score="2" class="ghb-icon ghb-icon-star ghb-rate__icon ghb-rate__icon--full">
                    <!----></i></div>
                <div role="radio" tabindex="0" aria-setsize="5" aria-posinset="3" aria-checked="true" class="ghb-rate__item"><i data-score="3" class="ghb-icon ghb-icon-star ghb-rate__icon ghb-rate__icon--full">
                    <!----></i></div>
                <div role="radio" tabindex="0" aria-setsize="5" aria-posinset="4" aria-checked="false" class="ghb-rate__item"><i data-score="4" class="ghb-icon ghb-icon-star-o ghb-rate__icon">
                    <!----></i></div>
                <div role="radio" tabindex="0" aria-setsize="5" aria-posinset="5" aria-checked="false" class="ghb-rate__item"><i data-score="5" class="ghb-icon ghb-icon-star-o ghb-rate__icon">
                    <!----></i></div>
              </div>
            </div>
          </div>
        </div>
      </div>
      <div class="ghb-cell ghb-field">
        <div class="ghb-cell__title ghb-field__label"><span>滑块</span></div>
        <div class="ghb-cell__value ghb-field__value">
          <div class="ghb-field__body">
            <div class="ghb-field__control ghb-field__control--custom">
              <div class="ghb-slider">
                <div class="ghb-slider__bar" style="width: 50%;">
                  <div role="slider" tabindex="0" aria-valuemin="0" aria-valuenow="50" aria-valuemax="100" aria-orientation="horizontal" class="ghb-slider__button-wrapper">
                    <div class="ghb-slider__button"></div>
                  </div>
                </div>
              </div>
            </div>
          </div>
        </div>
      </div>
      <div class="ghb-cell ghb-field">
        <div class="ghb-cell__title ghb-field__label"><span>文件上传</span></div>
        <div class="ghb-cell__value ghb-field__value">
          <div class="ghb-field__body">
            <div class="ghb-field__control ghb-field__control--custom">
              <div class="ghb-uploader">
                <div class="ghb-uploader__wrapper">
                  <div class="ghb-uploader__preview">
                    <div class="ghb-image ghb-uploader__preview-image"><img src="https://img01.yzcdn.cn/vant/leaf.jpg" class="ghb-image__img" style="object-fit: cover;">
                      <div class="ghb-image__loading"><i class="ghb-icon ghb-icon-photo ghb-image__loading-icon">
                          <!----></i></div>
                    </div>
                    <div class="ghb-uploader__preview-delete"><i class="ghb-icon ghb-icon-cross ghb-uploader__preview-delete-icon">
                        <!----></i></div>
                  </div>
                  <div class="ghb-uploader__upload"><i class="ghb-icon ghb-icon-photograph ghb-uploader__upload-icon">
                      <!----></i><input type="file" accept="image/*" class="ghb-uploader__input"></div>
                </div>
              </div>
            </div>
          </div>
        </div>
      </div>
      <div role="button" tabindex="0" class="ghb-cell ghb-cell--clickable ghb-field">
        <div class="ghb-cell__title ghb-field__label"><span>选择器</span></div>
        <div class="ghb-cell__value ghb-field__value">
          <div class="ghb-field__body"><input type="text" name="picker" readonly="readonly" placeholder="点击选择城市" class="ghb-field__control"></div>
        </div>
      </div>
      <div role="button" tabindex="0" class="ghb-cell ghb-cell--clickable ghb-field">
        <div class="ghb-cell__title ghb-field__label"><span>时间选择</span></div>
        <div class="ghb-cell__value ghb-field__value">
          <div class="ghb-field__body"><input type="text" name="datetimePicker" readonly="readonly" placeholder="点击选择时间" class="ghb-field__control"></div>
        </div>
      </div>
      <div role="button" tabindex="0" class="ghb-cell ghb-cell--clickable ghb-field">
        <div class="ghb-cell__title ghb-field__label"><span>地区选择</span></div>
        <div class="ghb-cell__value ghb-field__value">
          <div class="ghb-field__body"><input type="text" name="area" readonly="readonly" placeholder="点击选择省市区" class="ghb-field__control"></div>
        </div>
      </div>
      <div role="button" tabindex="0" class="ghb-cell ghb-cell--clickable ghb-field">
        <div class="ghb-cell__title ghb-field__label"><span>日历</span></div>
        <div class="ghb-cell__value ghb-field__value">
          <div class="ghb-field__body"><input type="text" name="calendar" readonly="readonly" placeholder="点击选择日期" class="ghb-field__control"></div>
        </div>
      </div>
      <div style="margin: 16px 16px 0px;"><button type="submit" class="ghb-button ghb-button--info ghb-button--normal ghb-button--block ghb-button--round">
          <div class="ghb-button__content"><span class="ghb-button__text">
        提交
      </span></div>
        </button></div>
    </form>
  </div>
</div>
`;
