// Jest Snapshot v1, https://goo.gl/fbAQLP

exports[`failed event 1`] = `
<form class="ghb-form">
  <div class="ghb-cell ghb-field ghb-field--error">
    <div class="ghb-cell__value ghb-cell__value--alone ghb-field__value">
      <div class="ghb-field__body"><input type="text" name="A" class="ghb-field__control"></div>
      <div class="ghb-field__error-message">A failed</div>
    </div>
  </div>
  <div class="ghb-cell ghb-field ghb-field--error">
    <div class="ghb-cell__value ghb-cell__value--alone ghb-field__value">
      <div class="ghb-field__body"><input type="text" name="B" class="ghb-field__control"></div>
      <div class="ghb-field__error-message">B failed</div>
    </div>
  </div> <button type="submit" class="ghb-button ghb-button--default ghb-button--normal">
    <div class="ghb-button__content"></div>
  </button>
</form>
`;
