// Jest Snapshot v1, https://goo.gl/fbAQLP

exports[`renders demo correctly 1`] = `
<div>
  <div>
    <div class="ghb-collapse ghb-hairline--top-bottom">
      <div class="ghb-collapse-item">
        <div role="button" tabindex="0" aria-expanded="true" class="ghb-cell ghb-cell--clickable ghb-collapse-item__title ghb-collapse-item__title--expanded">
          <div class="ghb-cell__title"><span>标题1</span></div><i class="ghb-icon ghb-icon-arrow ghb-cell__right-icon">
            <!----></i>
        </div>
        <div class="ghb-collapse-item__wrapper">
          <div class="ghb-collapse-item__content">
            代码是写出来给人看的，附带能在机器上运行
          </div>
        </div>
      </div>
      <div class="ghb-collapse-item ghb-collapse-item--border">
        <div role="button" tabindex="0" aria-expanded="false" class="ghb-cell ghb-cell--clickable ghb-collapse-item__title">
          <div class="ghb-cell__title"><span>标题2</span></div><i class="ghb-icon ghb-icon-arrow ghb-cell__right-icon">
            <!----></i>
        </div>
      </div>
      <div class="ghb-collapse-item ghb-collapse-item--border">
        <div role="button" tabindex="0" aria-expanded="false" class="ghb-cell ghb-cell--clickable ghb-collapse-item__title">
          <div class="ghb-cell__title"><span>标题3</span></div><i class="ghb-icon ghb-icon-arrow ghb-cell__right-icon">
            <!----></i>
        </div>
      </div>
    </div>
  </div>
  <div>
    <div class="ghb-collapse ghb-hairline--top-bottom">
      <div class="ghb-collapse-item">
        <div role="button" tabindex="0" aria-expanded="true" class="ghb-cell ghb-cell--clickable ghb-collapse-item__title ghb-collapse-item__title--expanded">
          <div class="ghb-cell__title"><span>标题1</span></div><i class="ghb-icon ghb-icon-arrow ghb-cell__right-icon">
            <!----></i>
        </div>
        <div class="ghb-collapse-item__wrapper">
          <div class="ghb-collapse-item__content">
            代码是写出来给人看的，附带能在机器上运行
          </div>
        </div>
      </div>
      <div class="ghb-collapse-item ghb-collapse-item--border">
        <div role="button" tabindex="0" aria-expanded="false" class="ghb-cell ghb-cell--clickable ghb-collapse-item__title">
          <div class="ghb-cell__title"><span>标题2</span></div><i class="ghb-icon ghb-icon-arrow ghb-cell__right-icon">
            <!----></i>
        </div>
      </div>
      <div class="ghb-collapse-item ghb-collapse-item--border">
        <div role="button" tabindex="0" aria-expanded="false" class="ghb-cell ghb-cell--clickable ghb-collapse-item__title">
          <div class="ghb-cell__title"><span>标题3</span></div><i class="ghb-icon ghb-icon-arrow ghb-cell__right-icon">
            <!----></i>
        </div>
      </div>
    </div>
  </div>
  <div>
    <div class="ghb-collapse ghb-hairline--top-bottom">
      <div class="ghb-collapse-item">
        <div role="button" tabindex="0" aria-expanded="false" class="ghb-cell ghb-cell--clickable ghb-collapse-item__title">
          <div class="ghb-cell__title"><span>标题1</span></div><i class="ghb-icon ghb-icon-arrow ghb-cell__right-icon">
            <!----></i>
        </div>
      </div>
      <div class="ghb-collapse-item ghb-collapse-item--border">
        <div role="button" tabindex="-1" aria-expanded="false" class="ghb-cell ghb-cell--clickable ghb-collapse-item__title ghb-collapse-item__title--disabled">
          <div class="ghb-cell__title"><span>标题2</span></div><i class="ghb-icon ghb-icon-arrow ghb-cell__right-icon">
            <!----></i>
        </div>
      </div>
      <div class="ghb-collapse-item ghb-collapse-item--border">
        <div role="button" tabindex="-1" aria-expanded="false" class="ghb-cell ghb-cell--clickable ghb-collapse-item__title ghb-collapse-item__title--disabled">
          <div class="ghb-cell__title"><span>标题3</span></div><i class="ghb-icon ghb-icon-arrow ghb-cell__right-icon">
            <!----></i>
        </div>
      </div>
    </div>
  </div>
  <div>
    <div class="ghb-collapse ghb-hairline--top-bottom">
      <div class="ghb-collapse-item">
        <div role="button" tabindex="0" aria-expanded="false" class="ghb-cell ghb-cell--clickable ghb-collapse-item__title">
          <div class="ghb-cell__title">
            标题1<i class="ghb-icon ghb-icon-question-o">
              <!----></i></div><i class="ghb-icon ghb-icon-arrow ghb-cell__right-icon">
            <!----></i>
        </div>
      </div>
      <div class="ghb-collapse-item ghb-collapse-item--border">
        <div role="button" tabindex="0" aria-expanded="false" class="ghb-cell ghb-cell--clickable ghb-collapse-item__title"><i class="ghb-icon ghb-icon-shop-o ghb-cell__left-icon">
            <!----></i>
          <div class="ghb-cell__title"><span>标题2</span></div>
          <div class="ghb-cell__value"><span>内容</span></div><i class="ghb-icon ghb-icon-arrow ghb-cell__right-icon">
            <!----></i>
        </div>
      </div>
    </div>
  </div>
</div>
`;
