// Jest Snapshot v1, https://goo.gl/fbAQLP

exports[`renders demo correctly 1`] = `
<div>
  <div>
    <div class="ghb-submit-bar">
      <div class="ghb-submit-bar__bar">
        <div class="ghb-submit-bar__text"><span>合计：</span><span class="ghb-submit-bar__price">¥<span class="ghb-submit-bar__price ghb-submit-bar__price--integer">30</span>.50</span></div><button class="ghb-button ghb-button--danger ghb-button--normal ghb-button--round ghb-submit-bar__button ghb-submit-bar__button--danger">
          <div class="ghb-button__content"><span class="ghb-button__text">提交订单</span></div>
        </button>
      </div>
    </div>
  </div>
  <div>
    <div class="ghb-submit-bar">
      <div class="ghb-submit-bar__tip"><i class="ghb-icon ghb-icon-info-o ghb-submit-bar__tip-icon">
          <!----></i><span class="ghb-submit-bar__tip-text">你的收货地址不支持同城送, 我们已为你推荐快递</span></div>
      <div class="ghb-submit-bar__bar">
        <div class="ghb-submit-bar__text"><span>合计：</span><span class="ghb-submit-bar__price">¥<span class="ghb-submit-bar__price ghb-submit-bar__price--integer">30</span>.50</span></div><button disabled="disabled" class="ghb-button ghb-button--danger ghb-button--normal ghb-button--disabled ghb-button--round ghb-submit-bar__button ghb-submit-bar__button--danger">
          <div class="ghb-button__content"><span class="ghb-button__text">提交订单</span></div>
        </button>
      </div>
    </div>
  </div>
  <div>
    <div class="ghb-submit-bar">
      <div class="ghb-submit-bar__bar">
        <div class="ghb-submit-bar__text"><span>合计：</span><span class="ghb-submit-bar__price">¥<span class="ghb-submit-bar__price ghb-submit-bar__price--integer">30</span>.50</span></div><button class="ghb-button ghb-button--danger ghb-button--normal ghb-button--loading ghb-button--round ghb-submit-bar__button ghb-submit-bar__button--danger">
          <div class="ghb-button__content">
            <div class="ghb-loading ghb-loading--circular ghb-button__loading"><span class="ghb-loading__spinner ghb-loading__spinner--circular" style="color: currentColor; width: 20px; height: 20px;"><svg viewBox="25 25 50 50" class="ghb-loading__circular"><circle cx="50" cy="50" r="20" fill="none"></circle></svg></span></div>
          </div>
        </button>
      </div>
    </div>
  </div>
  <div>
    <div class="ghb-submit-bar">
      <div class="ghb-submit-bar__tip">
        你的收货地址不支持同城送,
        <span class="edit-address">
          修改地址
        </span></div>
      <div class="ghb-submit-bar__bar">
        <div role="checkbox" tabindex="0" aria-checked="true" class="ghb-checkbox">
          <div class="ghb-checkbox__icon ghb-checkbox__icon--round ghb-checkbox__icon--checked"><i class="ghb-icon ghb-icon-success">
              <!----></i></div><span class="ghb-checkbox__label">全选</span>
        </div>
        <div class="ghb-submit-bar__text"><span>合计：</span><span class="ghb-submit-bar__price">¥<span class="ghb-submit-bar__price ghb-submit-bar__price--integer">30</span>.50</span></div><button class="ghb-button ghb-button--danger ghb-button--normal ghb-button--round ghb-submit-bar__button ghb-submit-bar__button--danger">
          <div class="ghb-button__content"><span class="ghb-button__text">提交订单</span></div>
        </button>
      </div>
    </div>
  </div>
</div>
`;
