// Jest Snapshot v1, https://goo.gl/fbAQLP

exports[`renders demo correctly 1`] = `
<div>
  <div>
    <div class="ghb-picker ghb-area">
      <div class="ghb-picker__toolbar"><button type="button" class="ghb-picker__cancel">取消</button>
        <div class="ghb-ellipsis ghb-picker__title">标题</div><button type="button" class="ghb-picker__confirm">确认</button>
      </div>
      <!---->
      <div class="ghb-picker__columns" style="height: 264px;">
        <div class="ghb-picker-column">
          <ul class="ghb-picker-column__wrapper" style="transform: translate3d(0, 110px, 0); transition-duration: 0ms; transition-property: none;">
            <li role="button" tabindex="0" class="ghb-picker-column__item ghb-picker-column__item--selected" style="height: 44px;">
              <div class="ghb-ellipsis">北京市</div>
            </li>
            <li role="button" tabindex="0" class="ghb-picker-column__item" style="height: 44px;">
              <div class="ghb-ellipsis">天津市</div>
            </li>
            <li role="button" tabindex="0" class="ghb-picker-column__item" style="height: 44px;">
              <div class="ghb-ellipsis">河北省</div>
            </li>
            <li role="button" tabindex="0" class="ghb-picker-column__item" style="height: 44px;">
              <div class="ghb-ellipsis">山西省</div>
            </li>
            <li role="button" tabindex="0" class="ghb-picker-column__item" style="height: 44px;">
              <div class="ghb-ellipsis">内蒙古自治区</div>
            </li>
            <li role="button" tabindex="0" class="ghb-picker-column__item" style="height: 44px;">
              <div class="ghb-ellipsis">辽宁省</div>
            </li>
            <li role="button" tabindex="0" class="ghb-picker-column__item" style="height: 44px;">
              <div class="ghb-ellipsis">吉林省</div>
            </li>
            <li role="button" tabindex="0" class="ghb-picker-column__item" style="height: 44px;">
              <div class="ghb-ellipsis">黑龙江省</div>
            </li>
            <li role="button" tabindex="0" class="ghb-picker-column__item" style="height: 44px;">
              <div class="ghb-ellipsis">上海市</div>
            </li>
            <li role="button" tabindex="0" class="ghb-picker-column__item" style="height: 44px;">
              <div class="ghb-ellipsis">江苏省</div>
            </li>
            <li role="button" tabindex="0" class="ghb-picker-column__item" style="height: 44px;">
              <div class="ghb-ellipsis">浙江省</div>
            </li>
            <li role="button" tabindex="0" class="ghb-picker-column__item" style="height: 44px;">
              <div class="ghb-ellipsis">安徽省</div>
            </li>
            <li role="button" tabindex="0" class="ghb-picker-column__item" style="height: 44px;">
              <div class="ghb-ellipsis">福建省</div>
            </li>
            <li role="button" tabindex="0" class="ghb-picker-column__item" style="height: 44px;">
              <div class="ghb-ellipsis">江西省</div>
            </li>
            <li role="button" tabindex="0" class="ghb-picker-column__item" style="height: 44px;">
              <div class="ghb-ellipsis">山东省</div>
            </li>
            <li role="button" tabindex="0" class="ghb-picker-column__item" style="height: 44px;">
              <div class="ghb-ellipsis">河南省</div>
            </li>
            <li role="button" tabindex="0" class="ghb-picker-column__item" style="height: 44px;">
              <div class="ghb-ellipsis">湖北省</div>
            </li>
            <li role="button" tabindex="0" class="ghb-picker-column__item" style="height: 44px;">
              <div class="ghb-ellipsis">湖南省</div>
            </li>
            <li role="button" tabindex="0" class="ghb-picker-column__item" style="height: 44px;">
              <div class="ghb-ellipsis">广东省</div>
            </li>
            <li role="button" tabindex="0" class="ghb-picker-column__item" style="height: 44px;">
              <div class="ghb-ellipsis">广西壮族自治区</div>
            </li>
            <li role="button" tabindex="0" class="ghb-picker-column__item" style="height: 44px;">
              <div class="ghb-ellipsis">海南省</div>
            </li>
            <li role="button" tabindex="0" class="ghb-picker-column__item" style="height: 44px;">
              <div class="ghb-ellipsis">重庆市</div>
            </li>
            <li role="button" tabindex="0" class="ghb-picker-column__item" style="height: 44px;">
              <div class="ghb-ellipsis">四川省</div>
            </li>
            <li role="button" tabindex="0" class="ghb-picker-column__item" style="height: 44px;">
              <div class="ghb-ellipsis">贵州省</div>
            </li>
            <li role="button" tabindex="0" class="ghb-picker-column__item" style="height: 44px;">
              <div class="ghb-ellipsis">云南省</div>
            </li>
            <li role="button" tabindex="0" class="ghb-picker-column__item" style="height: 44px;">
              <div class="ghb-ellipsis">西藏自治区</div>
            </li>
            <li role="button" tabindex="0" class="ghb-picker-column__item" style="height: 44px;">
              <div class="ghb-ellipsis">陕西省</div>
            </li>
            <li role="button" tabindex="0" class="ghb-picker-column__item" style="height: 44px;">
              <div class="ghb-ellipsis">甘肃省</div>
            </li>
            <li role="button" tabindex="0" class="ghb-picker-column__item" style="height: 44px;">
              <div class="ghb-ellipsis">青海省</div>
            </li>
            <li role="button" tabindex="0" class="ghb-picker-column__item" style="height: 44px;">
              <div class="ghb-ellipsis">宁夏回族自治区</div>
            </li>
            <li role="button" tabindex="0" class="ghb-picker-column__item" style="height: 44px;">
              <div class="ghb-ellipsis">新疆维吾尔自治区</div>
            </li>
            <li role="button" tabindex="0" class="ghb-picker-column__item" style="height: 44px;">
              <div class="ghb-ellipsis">台湾省</div>
            </li>
            <li role="button" tabindex="0" class="ghb-picker-column__item" style="height: 44px;">
              <div class="ghb-ellipsis">香港特别行政区</div>
            </li>
            <li role="button" tabindex="0" class="ghb-picker-column__item" style="height: 44px;">
              <div class="ghb-ellipsis">澳门特别行政区</div>
            </li>
            <li role="button" tabindex="0" class="ghb-picker-column__item" style="height: 44px;">
              <div class="ghb-ellipsis">海外</div>
            </li>
          </ul>
        </div>
        <div class="ghb-picker-column">
          <ul class="ghb-picker-column__wrapper" style="transform: translate3d(0, 110px, 0); transition-duration: 0ms; transition-property: none;">
            <li role="button" tabindex="0" class="ghb-picker-column__item ghb-picker-column__item--selected" style="height: 44px;">
              <div class="ghb-ellipsis">北京市</div>
            </li>
          </ul>
        </div>
        <div class="ghb-picker-column">
          <ul class="ghb-picker-column__wrapper" style="transform: translate3d(0, 110px, 0); transition-duration: 0ms; transition-property: none;">
            <li role="button" tabindex="0" class="ghb-picker-column__item ghb-picker-column__item--selected" style="height: 44px;">
              <div class="ghb-ellipsis">东城区</div>
            </li>
            <li role="button" tabindex="0" class="ghb-picker-column__item" style="height: 44px;">
              <div class="ghb-ellipsis">西城区</div>
            </li>
            <li role="button" tabindex="0" class="ghb-picker-column__item" style="height: 44px;">
              <div class="ghb-ellipsis">朝阳区</div>
            </li>
            <li role="button" tabindex="0" class="ghb-picker-column__item" style="height: 44px;">
              <div class="ghb-ellipsis">丰台区</div>
            </li>
            <li role="button" tabindex="0" class="ghb-picker-column__item" style="height: 44px;">
              <div class="ghb-ellipsis">石景山区</div>
            </li>
            <li role="button" tabindex="0" class="ghb-picker-column__item" style="height: 44px;">
              <div class="ghb-ellipsis">海淀区</div>
            </li>
            <li role="button" tabindex="0" class="ghb-picker-column__item" style="height: 44px;">
              <div class="ghb-ellipsis">门头沟区</div>
            </li>
            <li role="button" tabindex="0" class="ghb-picker-column__item" style="height: 44px;">
              <div class="ghb-ellipsis">房山区</div>
            </li>
            <li role="button" tabindex="0" class="ghb-picker-column__item" style="height: 44px;">
              <div class="ghb-ellipsis">通州区</div>
            </li>
            <li role="button" tabindex="0" class="ghb-picker-column__item" style="height: 44px;">
              <div class="ghb-ellipsis">顺义区</div>
            </li>
            <li role="button" tabindex="0" class="ghb-picker-column__item" style="height: 44px;">
              <div class="ghb-ellipsis">昌平区</div>
            </li>
            <li role="button" tabindex="0" class="ghb-picker-column__item" style="height: 44px;">
              <div class="ghb-ellipsis">大兴区</div>
            </li>
            <li role="button" tabindex="0" class="ghb-picker-column__item" style="height: 44px;">
              <div class="ghb-ellipsis">怀柔区</div>
            </li>
            <li role="button" tabindex="0" class="ghb-picker-column__item" style="height: 44px;">
              <div class="ghb-ellipsis">平谷区</div>
            </li>
            <li role="button" tabindex="0" class="ghb-picker-column__item" style="height: 44px;">
              <div class="ghb-ellipsis">密云区</div>
            </li>
            <li role="button" tabindex="0" class="ghb-picker-column__item" style="height: 44px;">
              <div class="ghb-ellipsis">延庆区</div>
            </li>
          </ul>
        </div>
        <div class="ghb-picker__mask" style="background-size: 100% 110px;"></div>
        <div class="ghb-hairline-unset--top-bottom ghb-picker__frame" style="height: 44px;"></div>
      </div>
      <!---->
    </div>
  </div>
  <div>
    <div class="ghb-picker ghb-area">
      <div class="ghb-picker__toolbar"><button type="button" class="ghb-picker__cancel">取消</button>
        <div class="ghb-ellipsis ghb-picker__title">标题</div><button type="button" class="ghb-picker__confirm">确认</button>
      </div>
      <!---->
      <div class="ghb-picker__columns" style="height: 264px;">
        <div class="ghb-picker-column">
          <ul class="ghb-picker-column__wrapper" style="transform: translate3d(0, -330px, 0); transition-duration: 0ms; transition-property: none;">
            <li role="button" tabindex="0" class="ghb-picker-column__item" style="height: 44px;">
              <div class="ghb-ellipsis">北京市</div>
            </li>
            <li role="button" tabindex="0" class="ghb-picker-column__item" style="height: 44px;">
              <div class="ghb-ellipsis">天津市</div>
            </li>
            <li role="button" tabindex="0" class="ghb-picker-column__item" style="height: 44px;">
              <div class="ghb-ellipsis">河北省</div>
            </li>
            <li role="button" tabindex="0" class="ghb-picker-column__item" style="height: 44px;">
              <div class="ghb-ellipsis">山西省</div>
            </li>
            <li role="button" tabindex="0" class="ghb-picker-column__item" style="height: 44px;">
              <div class="ghb-ellipsis">内蒙古自治区</div>
            </li>
            <li role="button" tabindex="0" class="ghb-picker-column__item" style="height: 44px;">
              <div class="ghb-ellipsis">辽宁省</div>
            </li>
            <li role="button" tabindex="0" class="ghb-picker-column__item" style="height: 44px;">
              <div class="ghb-ellipsis">吉林省</div>
            </li>
            <li role="button" tabindex="0" class="ghb-picker-column__item" style="height: 44px;">
              <div class="ghb-ellipsis">黑龙江省</div>
            </li>
            <li role="button" tabindex="0" class="ghb-picker-column__item" style="height: 44px;">
              <div class="ghb-ellipsis">上海市</div>
            </li>
            <li role="button" tabindex="0" class="ghb-picker-column__item" style="height: 44px;">
              <div class="ghb-ellipsis">江苏省</div>
            </li>
            <li role="button" tabindex="0" class="ghb-picker-column__item ghb-picker-column__item--selected" style="height: 44px;">
              <div class="ghb-ellipsis">浙江省</div>
            </li>
            <li role="button" tabindex="0" class="ghb-picker-column__item" style="height: 44px;">
              <div class="ghb-ellipsis">安徽省</div>
            </li>
            <li role="button" tabindex="0" class="ghb-picker-column__item" style="height: 44px;">
              <div class="ghb-ellipsis">福建省</div>
            </li>
            <li role="button" tabindex="0" class="ghb-picker-column__item" style="height: 44px;">
              <div class="ghb-ellipsis">江西省</div>
            </li>
            <li role="button" tabindex="0" class="ghb-picker-column__item" style="height: 44px;">
              <div class="ghb-ellipsis">山东省</div>
            </li>
            <li role="button" tabindex="0" class="ghb-picker-column__item" style="height: 44px;">
              <div class="ghb-ellipsis">河南省</div>
            </li>
            <li role="button" tabindex="0" class="ghb-picker-column__item" style="height: 44px;">
              <div class="ghb-ellipsis">湖北省</div>
            </li>
            <li role="button" tabindex="0" class="ghb-picker-column__item" style="height: 44px;">
              <div class="ghb-ellipsis">湖南省</div>
            </li>
            <li role="button" tabindex="0" class="ghb-picker-column__item" style="height: 44px;">
              <div class="ghb-ellipsis">广东省</div>
            </li>
            <li role="button" tabindex="0" class="ghb-picker-column__item" style="height: 44px;">
              <div class="ghb-ellipsis">广西壮族自治区</div>
            </li>
            <li role="button" tabindex="0" class="ghb-picker-column__item" style="height: 44px;">
              <div class="ghb-ellipsis">海南省</div>
            </li>
            <li role="button" tabindex="0" class="ghb-picker-column__item" style="height: 44px;">
              <div class="ghb-ellipsis">重庆市</div>
            </li>
            <li role="button" tabindex="0" class="ghb-picker-column__item" style="height: 44px;">
              <div class="ghb-ellipsis">四川省</div>
            </li>
            <li role="button" tabindex="0" class="ghb-picker-column__item" style="height: 44px;">
              <div class="ghb-ellipsis">贵州省</div>
            </li>
            <li role="button" tabindex="0" class="ghb-picker-column__item" style="height: 44px;">
              <div class="ghb-ellipsis">云南省</div>
            </li>
            <li role="button" tabindex="0" class="ghb-picker-column__item" style="height: 44px;">
              <div class="ghb-ellipsis">西藏自治区</div>
            </li>
            <li role="button" tabindex="0" class="ghb-picker-column__item" style="height: 44px;">
              <div class="ghb-ellipsis">陕西省</div>
            </li>
            <li role="button" tabindex="0" class="ghb-picker-column__item" style="height: 44px;">
              <div class="ghb-ellipsis">甘肃省</div>
            </li>
            <li role="button" tabindex="0" class="ghb-picker-column__item" style="height: 44px;">
              <div class="ghb-ellipsis">青海省</div>
            </li>
            <li role="button" tabindex="0" class="ghb-picker-column__item" style="height: 44px;">
              <div class="ghb-ellipsis">宁夏回族自治区</div>
            </li>
            <li role="button" tabindex="0" class="ghb-picker-column__item" style="height: 44px;">
              <div class="ghb-ellipsis">新疆维吾尔自治区</div>
            </li>
            <li role="button" tabindex="0" class="ghb-picker-column__item" style="height: 44px;">
              <div class="ghb-ellipsis">台湾省</div>
            </li>
            <li role="button" tabindex="0" class="ghb-picker-column__item" style="height: 44px;">
              <div class="ghb-ellipsis">香港特别行政区</div>
            </li>
            <li role="button" tabindex="0" class="ghb-picker-column__item" style="height: 44px;">
              <div class="ghb-ellipsis">澳门特别行政区</div>
            </li>
            <li role="button" tabindex="0" class="ghb-picker-column__item" style="height: 44px;">
              <div class="ghb-ellipsis">海外</div>
            </li>
          </ul>
        </div>
        <div class="ghb-picker-column">
          <ul class="ghb-picker-column__wrapper" style="transform: translate3d(0, 22px, 0); transition-duration: 0ms; transition-property: none;">
            <li role="button" tabindex="0" class="ghb-picker-column__item" style="height: 44px;">
              <div class="ghb-ellipsis">杭州市</div>
            </li>
            <li role="button" tabindex="0" class="ghb-picker-column__item" style="height: 44px;">
              <div class="ghb-ellipsis">宁波市</div>
            </li>
            <li role="button" tabindex="0" class="ghb-picker-column__item ghb-picker-column__item--selected" style="height: 44px;">
              <div class="ghb-ellipsis">温州市</div>
            </li>
            <li role="button" tabindex="0" class="ghb-picker-column__item" style="height: 44px;">
              <div class="ghb-ellipsis">嘉兴市</div>
            </li>
            <li role="button" tabindex="0" class="ghb-picker-column__item" style="height: 44px;">
              <div class="ghb-ellipsis">湖州市</div>
            </li>
            <li role="button" tabindex="0" class="ghb-picker-column__item" style="height: 44px;">
              <div class="ghb-ellipsis">绍兴市</div>
            </li>
            <li role="button" tabindex="0" class="ghb-picker-column__item" style="height: 44px;">
              <div class="ghb-ellipsis">金华市</div>
            </li>
            <li role="button" tabindex="0" class="ghb-picker-column__item" style="height: 44px;">
              <div class="ghb-ellipsis">衢州市</div>
            </li>
            <li role="button" tabindex="0" class="ghb-picker-column__item" style="height: 44px;">
              <div class="ghb-ellipsis">舟山市</div>
            </li>
            <li role="button" tabindex="0" class="ghb-picker-column__item" style="height: 44px;">
              <div class="ghb-ellipsis">台州市</div>
            </li>
            <li role="button" tabindex="0" class="ghb-picker-column__item" style="height: 44px;">
              <div class="ghb-ellipsis">丽水市</div>
            </li>
          </ul>
        </div>
        <div class="ghb-picker-column">
          <ul class="ghb-picker-column__wrapper" style="transform: translate3d(0, 110px, 0); transition-duration: 0ms; transition-property: none;">
            <li role="button" tabindex="0" class="ghb-picker-column__item ghb-picker-column__item--selected" style="height: 44px;">
              <div class="ghb-ellipsis">鹿城区</div>
            </li>
            <li role="button" tabindex="0" class="ghb-picker-column__item" style="height: 44px;">
              <div class="ghb-ellipsis">龙湾区</div>
            </li>
            <li role="button" tabindex="0" class="ghb-picker-column__item" style="height: 44px;">
              <div class="ghb-ellipsis">瓯海区</div>
            </li>
            <li role="button" tabindex="0" class="ghb-picker-column__item" style="height: 44px;">
              <div class="ghb-ellipsis">洞头区</div>
            </li>
            <li role="button" tabindex="0" class="ghb-picker-column__item" style="height: 44px;">
              <div class="ghb-ellipsis">永嘉县</div>
            </li>
            <li role="button" tabindex="0" class="ghb-picker-column__item" style="height: 44px;">
              <div class="ghb-ellipsis">平阳县</div>
            </li>
            <li role="button" tabindex="0" class="ghb-picker-column__item" style="height: 44px;">
              <div class="ghb-ellipsis">苍南县</div>
            </li>
            <li role="button" tabindex="0" class="ghb-picker-column__item" style="height: 44px;">
              <div class="ghb-ellipsis">文成县</div>
            </li>
            <li role="button" tabindex="0" class="ghb-picker-column__item" style="height: 44px;">
              <div class="ghb-ellipsis">泰顺县</div>
            </li>
            <li role="button" tabindex="0" class="ghb-picker-column__item" style="height: 44px;">
              <div class="ghb-ellipsis">瑞安市</div>
            </li>
            <li role="button" tabindex="0" class="ghb-picker-column__item" style="height: 44px;">
              <div class="ghb-ellipsis">乐清市</div>
            </li>
          </ul>
        </div>
        <div class="ghb-picker__mask" style="background-size: 100% 110px;"></div>
        <div class="ghb-hairline-unset--top-bottom ghb-picker__frame" style="height: 44px;"></div>
      </div>
      <!---->
    </div>
  </div>
  <div>
    <div class="ghb-picker ghb-area">
      <div class="ghb-picker__toolbar"><button type="button" class="ghb-picker__cancel">取消</button>
        <div class="ghb-ellipsis ghb-picker__title">标题</div><button type="button" class="ghb-picker__confirm">确认</button>
      </div>
      <!---->
      <div class="ghb-picker__columns" style="height: 264px;">
        <div class="ghb-picker-column">
          <ul class="ghb-picker-column__wrapper" style="transform: translate3d(0, 110px, 0); transition-duration: 0ms; transition-property: none;">
            <li role="button" tabindex="0" class="ghb-picker-column__item ghb-picker-column__item--selected" style="height: 44px;">
              <div class="ghb-ellipsis">北京市</div>
            </li>
            <li role="button" tabindex="0" class="ghb-picker-column__item" style="height: 44px;">
              <div class="ghb-ellipsis">天津市</div>
            </li>
            <li role="button" tabindex="0" class="ghb-picker-column__item" style="height: 44px;">
              <div class="ghb-ellipsis">河北省</div>
            </li>
            <li role="button" tabindex="0" class="ghb-picker-column__item" style="height: 44px;">
              <div class="ghb-ellipsis">山西省</div>
            </li>
            <li role="button" tabindex="0" class="ghb-picker-column__item" style="height: 44px;">
              <div class="ghb-ellipsis">内蒙古自治区</div>
            </li>
            <li role="button" tabindex="0" class="ghb-picker-column__item" style="height: 44px;">
              <div class="ghb-ellipsis">辽宁省</div>
            </li>
            <li role="button" tabindex="0" class="ghb-picker-column__item" style="height: 44px;">
              <div class="ghb-ellipsis">吉林省</div>
            </li>
            <li role="button" tabindex="0" class="ghb-picker-column__item" style="height: 44px;">
              <div class="ghb-ellipsis">黑龙江省</div>
            </li>
            <li role="button" tabindex="0" class="ghb-picker-column__item" style="height: 44px;">
              <div class="ghb-ellipsis">上海市</div>
            </li>
            <li role="button" tabindex="0" class="ghb-picker-column__item" style="height: 44px;">
              <div class="ghb-ellipsis">江苏省</div>
            </li>
            <li role="button" tabindex="0" class="ghb-picker-column__item" style="height: 44px;">
              <div class="ghb-ellipsis">浙江省</div>
            </li>
            <li role="button" tabindex="0" class="ghb-picker-column__item" style="height: 44px;">
              <div class="ghb-ellipsis">安徽省</div>
            </li>
            <li role="button" tabindex="0" class="ghb-picker-column__item" style="height: 44px;">
              <div class="ghb-ellipsis">福建省</div>
            </li>
            <li role="button" tabindex="0" class="ghb-picker-column__item" style="height: 44px;">
              <div class="ghb-ellipsis">江西省</div>
            </li>
            <li role="button" tabindex="0" class="ghb-picker-column__item" style="height: 44px;">
              <div class="ghb-ellipsis">山东省</div>
            </li>
            <li role="button" tabindex="0" class="ghb-picker-column__item" style="height: 44px;">
              <div class="ghb-ellipsis">河南省</div>
            </li>
            <li role="button" tabindex="0" class="ghb-picker-column__item" style="height: 44px;">
              <div class="ghb-ellipsis">湖北省</div>
            </li>
            <li role="button" tabindex="0" class="ghb-picker-column__item" style="height: 44px;">
              <div class="ghb-ellipsis">湖南省</div>
            </li>
            <li role="button" tabindex="0" class="ghb-picker-column__item" style="height: 44px;">
              <div class="ghb-ellipsis">广东省</div>
            </li>
            <li role="button" tabindex="0" class="ghb-picker-column__item" style="height: 44px;">
              <div class="ghb-ellipsis">广西壮族自治区</div>
            </li>
            <li role="button" tabindex="0" class="ghb-picker-column__item" style="height: 44px;">
              <div class="ghb-ellipsis">海南省</div>
            </li>
            <li role="button" tabindex="0" class="ghb-picker-column__item" style="height: 44px;">
              <div class="ghb-ellipsis">重庆市</div>
            </li>
            <li role="button" tabindex="0" class="ghb-picker-column__item" style="height: 44px;">
              <div class="ghb-ellipsis">四川省</div>
            </li>
            <li role="button" tabindex="0" class="ghb-picker-column__item" style="height: 44px;">
              <div class="ghb-ellipsis">贵州省</div>
            </li>
            <li role="button" tabindex="0" class="ghb-picker-column__item" style="height: 44px;">
              <div class="ghb-ellipsis">云南省</div>
            </li>
            <li role="button" tabindex="0" class="ghb-picker-column__item" style="height: 44px;">
              <div class="ghb-ellipsis">西藏自治区</div>
            </li>
            <li role="button" tabindex="0" class="ghb-picker-column__item" style="height: 44px;">
              <div class="ghb-ellipsis">陕西省</div>
            </li>
            <li role="button" tabindex="0" class="ghb-picker-column__item" style="height: 44px;">
              <div class="ghb-ellipsis">甘肃省</div>
            </li>
            <li role="button" tabindex="0" class="ghb-picker-column__item" style="height: 44px;">
              <div class="ghb-ellipsis">青海省</div>
            </li>
            <li role="button" tabindex="0" class="ghb-picker-column__item" style="height: 44px;">
              <div class="ghb-ellipsis">宁夏回族自治区</div>
            </li>
            <li role="button" tabindex="0" class="ghb-picker-column__item" style="height: 44px;">
              <div class="ghb-ellipsis">新疆维吾尔自治区</div>
            </li>
            <li role="button" tabindex="0" class="ghb-picker-column__item" style="height: 44px;">
              <div class="ghb-ellipsis">台湾省</div>
            </li>
            <li role="button" tabindex="0" class="ghb-picker-column__item" style="height: 44px;">
              <div class="ghb-ellipsis">香港特别行政区</div>
            </li>
            <li role="button" tabindex="0" class="ghb-picker-column__item" style="height: 44px;">
              <div class="ghb-ellipsis">澳门特别行政区</div>
            </li>
            <li role="button" tabindex="0" class="ghb-picker-column__item" style="height: 44px;">
              <div class="ghb-ellipsis">海外</div>
            </li>
          </ul>
        </div>
        <div class="ghb-picker-column">
          <ul class="ghb-picker-column__wrapper" style="transform: translate3d(0, 110px, 0); transition-duration: 0ms; transition-property: none;">
            <li role="button" tabindex="0" class="ghb-picker-column__item ghb-picker-column__item--selected" style="height: 44px;">
              <div class="ghb-ellipsis">北京市</div>
            </li>
          </ul>
        </div>
        <div class="ghb-picker__mask" style="background-size: 100% 110px;"></div>
        <div class="ghb-hairline-unset--top-bottom ghb-picker__frame" style="height: 44px;"></div>
      </div>
      <!---->
    </div>
  </div>
  <div>
    <div class="ghb-picker ghb-area">
      <div class="ghb-picker__toolbar"><button type="button" class="ghb-picker__cancel">取消</button>
        <div class="ghb-ellipsis ghb-picker__title">标题</div><button type="button" class="ghb-picker__confirm">确认</button>
      </div>
      <!---->
      <div class="ghb-picker__columns" style="height: 264px;">
        <div class="ghb-picker-column">
          <ul class="ghb-picker-column__wrapper" style="transform: translate3d(0, 110px, 0); transition-duration: 0ms; transition-property: none;">
            <li role="button" tabindex="0" class="ghb-picker-column__item ghb-picker-column__item--selected" style="height: 44px;">
              <div class="ghb-ellipsis">请选择</div>
            </li>
            <li role="button" tabindex="0" class="ghb-picker-column__item" style="height: 44px;">
              <div class="ghb-ellipsis">北京市</div>
            </li>
            <li role="button" tabindex="0" class="ghb-picker-column__item" style="height: 44px;">
              <div class="ghb-ellipsis">天津市</div>
            </li>
            <li role="button" tabindex="0" class="ghb-picker-column__item" style="height: 44px;">
              <div class="ghb-ellipsis">河北省</div>
            </li>
            <li role="button" tabindex="0" class="ghb-picker-column__item" style="height: 44px;">
              <div class="ghb-ellipsis">山西省</div>
            </li>
            <li role="button" tabindex="0" class="ghb-picker-column__item" style="height: 44px;">
              <div class="ghb-ellipsis">内蒙古自治区</div>
            </li>
            <li role="button" tabindex="0" class="ghb-picker-column__item" style="height: 44px;">
              <div class="ghb-ellipsis">辽宁省</div>
            </li>
            <li role="button" tabindex="0" class="ghb-picker-column__item" style="height: 44px;">
              <div class="ghb-ellipsis">吉林省</div>
            </li>
            <li role="button" tabindex="0" class="ghb-picker-column__item" style="height: 44px;">
              <div class="ghb-ellipsis">黑龙江省</div>
            </li>
            <li role="button" tabindex="0" class="ghb-picker-column__item" style="height: 44px;">
              <div class="ghb-ellipsis">上海市</div>
            </li>
            <li role="button" tabindex="0" class="ghb-picker-column__item" style="height: 44px;">
              <div class="ghb-ellipsis">江苏省</div>
            </li>
            <li role="button" tabindex="0" class="ghb-picker-column__item" style="height: 44px;">
              <div class="ghb-ellipsis">浙江省</div>
            </li>
            <li role="button" tabindex="0" class="ghb-picker-column__item" style="height: 44px;">
              <div class="ghb-ellipsis">安徽省</div>
            </li>
            <li role="button" tabindex="0" class="ghb-picker-column__item" style="height: 44px;">
              <div class="ghb-ellipsis">福建省</div>
            </li>
            <li role="button" tabindex="0" class="ghb-picker-column__item" style="height: 44px;">
              <div class="ghb-ellipsis">江西省</div>
            </li>
            <li role="button" tabindex="0" class="ghb-picker-column__item" style="height: 44px;">
              <div class="ghb-ellipsis">山东省</div>
            </li>
            <li role="button" tabindex="0" class="ghb-picker-column__item" style="height: 44px;">
              <div class="ghb-ellipsis">河南省</div>
            </li>
            <li role="button" tabindex="0" class="ghb-picker-column__item" style="height: 44px;">
              <div class="ghb-ellipsis">湖北省</div>
            </li>
            <li role="button" tabindex="0" class="ghb-picker-column__item" style="height: 44px;">
              <div class="ghb-ellipsis">湖南省</div>
            </li>
            <li role="button" tabindex="0" class="ghb-picker-column__item" style="height: 44px;">
              <div class="ghb-ellipsis">广东省</div>
            </li>
            <li role="button" tabindex="0" class="ghb-picker-column__item" style="height: 44px;">
              <div class="ghb-ellipsis">广西壮族自治区</div>
            </li>
            <li role="button" tabindex="0" class="ghb-picker-column__item" style="height: 44px;">
              <div class="ghb-ellipsis">海南省</div>
            </li>
            <li role="button" tabindex="0" class="ghb-picker-column__item" style="height: 44px;">
              <div class="ghb-ellipsis">重庆市</div>
            </li>
            <li role="button" tabindex="0" class="ghb-picker-column__item" style="height: 44px;">
              <div class="ghb-ellipsis">四川省</div>
            </li>
            <li role="button" tabindex="0" class="ghb-picker-column__item" style="height: 44px;">
              <div class="ghb-ellipsis">贵州省</div>
            </li>
            <li role="button" tabindex="0" class="ghb-picker-column__item" style="height: 44px;">
              <div class="ghb-ellipsis">云南省</div>
            </li>
            <li role="button" tabindex="0" class="ghb-picker-column__item" style="height: 44px;">
              <div class="ghb-ellipsis">西藏自治区</div>
            </li>
            <li role="button" tabindex="0" class="ghb-picker-column__item" style="height: 44px;">
              <div class="ghb-ellipsis">陕西省</div>
            </li>
            <li role="button" tabindex="0" class="ghb-picker-column__item" style="height: 44px;">
              <div class="ghb-ellipsis">甘肃省</div>
            </li>
            <li role="button" tabindex="0" class="ghb-picker-column__item" style="height: 44px;">
              <div class="ghb-ellipsis">青海省</div>
            </li>
            <li role="button" tabindex="0" class="ghb-picker-column__item" style="height: 44px;">
              <div class="ghb-ellipsis">宁夏回族自治区</div>
            </li>
            <li role="button" tabindex="0" class="ghb-picker-column__item" style="height: 44px;">
              <div class="ghb-ellipsis">新疆维吾尔自治区</div>
            </li>
            <li role="button" tabindex="0" class="ghb-picker-column__item" style="height: 44px;">
              <div class="ghb-ellipsis">台湾省</div>
            </li>
            <li role="button" tabindex="0" class="ghb-picker-column__item" style="height: 44px;">
              <div class="ghb-ellipsis">香港特别行政区</div>
            </li>
            <li role="button" tabindex="0" class="ghb-picker-column__item" style="height: 44px;">
              <div class="ghb-ellipsis">澳门特别行政区</div>
            </li>
            <li role="button" tabindex="0" class="ghb-picker-column__item" style="height: 44px;">
              <div class="ghb-ellipsis">海外</div>
            </li>
          </ul>
        </div>
        <div class="ghb-picker-column">
          <ul class="ghb-picker-column__wrapper" style="transform: translate3d(0, 110px, 0); transition-duration: 0ms; transition-property: none;"></ul>
        </div>
        <div class="ghb-picker-column">
          <ul class="ghb-picker-column__wrapper" style="transform: translate3d(0, 110px, 0); transition-duration: 0ms; transition-property: none;"></ul>
        </div>
        <div class="ghb-picker__mask" style="background-size: 100% 110px;"></div>
        <div class="ghb-hairline-unset--top-bottom ghb-picker__frame" style="height: 44px;"></div>
      </div>
      <!---->
    </div>
  </div>
</div>
`;
