// Jest Snapshot v1, https://goo.gl/fbAQLP

exports[`renders demo correctly 1`] = `
<div>
  <div>
    <div class="ghb-contact-list">
      <div role="radiogroup" class="ghb-radio-group ghb-contact-list__group">
        <div role="button" tabindex="0" class="ghb-cell ghb-cell--clickable ghb-cell--center ghb-contact-list__item"><i class="ghb-icon ghb-icon-edit ghb-contact-list__edit">
            <!----></i>
          <div class="ghb-cell__value ghb-cell__value--alone ghb-contact-list__item-value">张三，13000000000<span class="ghb-tag ghb-tag--round ghb-tag--danger ghb-contact-list__item-tag">默认</span></div>
          <div role="radio" tabindex="0" aria-checked="true" class="ghb-radio">
            <div class="ghb-radio__icon ghb-radio__icon--round ghb-radio__icon--checked" style="font-size: 16px;"><i class="ghb-icon ghb-icon-success" style="border-color: #ee0a24; background-color: rgb(238, 10, 36);">
                <!----></i></div>
          </div>
        </div>
        <div role="button" tabindex="0" class="ghb-cell ghb-cell--clickable ghb-cell--center ghb-contact-list__item"><i class="ghb-icon ghb-icon-edit ghb-contact-list__edit">
            <!----></i>
          <div class="ghb-cell__value ghb-cell__value--alone ghb-contact-list__item-value">李四，1310000000</div>
          <div role="radio" tabindex="-1" aria-checked="false" class="ghb-radio">
            <div class="ghb-radio__icon ghb-radio__icon--round" style="font-size: 16px;"><i class="ghb-icon ghb-icon-success">
                <!----></i></div>
          </div>
        </div>
      </div>
      <div class="ghb-contact-list__bottom"><button class="ghb-button ghb-button--danger ghb-button--normal ghb-button--block ghb-button--round ghb-contact-list__add">
          <div class="ghb-button__content"><span class="ghb-button__text">新建联系人</span></div>
        </button></div>
    </div>
  </div>
</div>
`;
