// Jest Snapshot v1, https://goo.gl/fbAQLP

exports[`renders demo correctly 1`] = `
<div>
  <div>
    <div class="ghb-uploader">
      <div class="ghb-uploader__wrapper">
        <div class="ghb-uploader__upload"><i class="ghb-icon ghb-icon-photograph ghb-uploader__upload-icon">
            <!----></i><input type="file" accept="image/*" class="ghb-uploader__input"></div>
      </div>
    </div>
  </div>
  <div>
    <div class="ghb-uploader">
      <div class="ghb-uploader__wrapper">
        <div class="ghb-uploader__preview">
          <div class="ghb-image ghb-uploader__preview-image"><img src="https://img01.yzcdn.cn/vant/leaf.jpg" class="ghb-image__img" style="object-fit: cover;">
            <div class="ghb-image__loading"><i class="ghb-icon ghb-icon-photo ghb-image__loading-icon">
                <!----></i></div>
          </div>
          <div class="ghb-uploader__preview-delete"><i class="ghb-icon ghb-icon-cross ghb-uploader__preview-delete-icon">
              <!----></i></div>
        </div>
        <div class="ghb-uploader__preview">
          <div class="ghb-image ghb-uploader__preview-image"><img src="https://img01.yzcdn.cn/vant/tree.jpg" class="ghb-image__img" style="object-fit: cover;">
            <div class="ghb-image__loading"><i class="ghb-icon ghb-icon-photo ghb-image__loading-icon">
                <!----></i></div>
          </div>
          <div class="ghb-uploader__preview-delete"><i class="ghb-icon ghb-icon-cross ghb-uploader__preview-delete-icon">
              <!----></i></div>
        </div>
        <div class="ghb-uploader__upload"><i class="ghb-icon ghb-icon-photograph ghb-uploader__upload-icon">
            <!----></i><input multiple="multiple" type="file" accept="*" class="ghb-uploader__input"></div>
      </div>
    </div>
  </div>
  <div>
    <div class="ghb-uploader">
      <div class="ghb-uploader__wrapper">
        <div class="ghb-uploader__preview">
          <div class="ghb-image ghb-uploader__preview-image"><img src="https://img01.yzcdn.cn/vant/leaf.jpg" class="ghb-image__img" style="object-fit: cover;">
            <div class="ghb-image__loading"><i class="ghb-icon ghb-icon-photo ghb-image__loading-icon">
                <!----></i></div>
          </div>
          <div class="ghb-uploader__mask">
            <div class="ghb-loading ghb-loading--circular ghb-uploader__loading"><span class="ghb-loading__spinner ghb-loading__spinner--circular"><svg viewBox="25 25 50 50" class="ghb-loading__circular"><circle cx="50" cy="50" r="20" fill="none"></circle></svg></span></div>
            <div class="ghb-uploader__mask-message">上传中...</div>
          </div>
        </div>
        <div class="ghb-uploader__preview">
          <div class="ghb-image ghb-uploader__preview-image"><img src="https://img01.yzcdn.cn/vant/tree.jpg" class="ghb-image__img" style="object-fit: cover;">
            <div class="ghb-image__loading"><i class="ghb-icon ghb-icon-photo ghb-image__loading-icon">
                <!----></i></div>
          </div>
          <div class="ghb-uploader__mask"><i class="ghb-icon ghb-icon-close ghb-uploader__mask-icon">
              <!----></i>
            <div class="ghb-uploader__mask-message">上传失败</div>
          </div>
          <div class="ghb-uploader__preview-delete"><i class="ghb-icon ghb-icon-cross ghb-uploader__preview-delete-icon">
              <!----></i></div>
        </div>
        <div class="ghb-uploader__upload"><i class="ghb-icon ghb-icon-photograph ghb-uploader__upload-icon">
            <!----></i><input type="file" accept="image/*" class="ghb-uploader__input"></div>
      </div>
    </div>
  </div>
  <div>
    <div class="ghb-uploader">
      <div class="ghb-uploader__wrapper">
        <div class="ghb-uploader__preview">
          <div class="ghb-image ghb-uploader__preview-image"><img src="https://img01.yzcdn.cn/vant/sand.jpg" class="ghb-image__img" style="object-fit: cover;">
            <div class="ghb-image__loading"><i class="ghb-icon ghb-icon-photo ghb-image__loading-icon">
                <!----></i></div>
          </div>
          <div class="ghb-uploader__preview-delete"><i class="ghb-icon ghb-icon-cross ghb-uploader__preview-delete-icon">
              <!----></i></div>
        </div>
        <div class="ghb-uploader__upload"><i class="ghb-icon ghb-icon-photograph ghb-uploader__upload-icon">
            <!----></i><input multiple="multiple" type="file" accept="image/*" class="ghb-uploader__input"></div>
      </div>
    </div>
  </div>
  <div>
    <div class="ghb-uploader">
      <div class="ghb-uploader__wrapper">
        <div class="ghb-uploader__preview">
          <div class="ghb-image ghb-uploader__preview-image"><img src="https://img01.yzcdn.cn/vant/sand.jpg" class="ghb-image__img" style="object-fit: cover;">
            <div class="ghb-image__loading"><i class="ghb-icon ghb-icon-photo ghb-image__loading-icon">
                <!----></i></div>
          </div>
          <div class="ghb-uploader__preview-delete"><i class="ghb-icon ghb-icon-cross ghb-uploader__preview-delete-icon">
              <!----></i></div>
        </div>
        <div class="ghb-uploader__upload"><i class="ghb-icon ghb-icon-photograph ghb-uploader__upload-icon">
            <!----></i><input multiple="multiple" type="file" accept="image/*" class="ghb-uploader__input"></div>
      </div>
    </div>
  </div>
  <div>
    <div class="ghb-uploader">
      <div class="ghb-uploader__wrapper">
        <div class="ghb-uploader__input-wrapper"><button class="ghb-button ghb-button--primary ghb-button--normal">
            <div class="ghb-button__content"><i class="ghb-icon ghb-icon-plus ghb-button__icon">
                <!----></i><span class="ghb-button__text">
        上传文件
      </span></div>
          </button><input type="file" accept="image/*" class="ghb-uploader__input"></div>
      </div>
    </div>
  </div>
  <div>
    <div class="ghb-uploader">
      <div class="ghb-uploader__wrapper">
        <div class="ghb-uploader__preview">
          <div class="ghb-image ghb-uploader__preview-image"><img src="https://img01.yzcdn.cn/vant/leaf.jpg" class="ghb-image__img" style="object-fit: cover;">
            <div class="ghb-image__loading"><i class="ghb-icon ghb-icon-photo ghb-image__loading-icon">
                <!----></i></div>
            <div class="ghb-uploader__preview-cover">
              <div class="preview-cover ghb-ellipsis">图片名称</div>
            </div>
          </div>
          <div class="ghb-uploader__preview-delete"><i class="ghb-icon ghb-icon-cross ghb-uploader__preview-delete-icon">
              <!----></i></div>
        </div>
        <div class="ghb-uploader__upload"><i class="ghb-icon ghb-icon-photograph ghb-uploader__upload-icon">
            <!----></i><input type="file" accept="image/*" class="ghb-uploader__input"></div>
      </div>
    </div>
  </div>
  <div>
    <div class="ghb-uploader">
      <div class="ghb-uploader__wrapper">
        <div class="ghb-uploader__upload"><i class="ghb-icon ghb-icon-photograph ghb-uploader__upload-icon">
            <!----></i><input type="file" accept="image/*" class="ghb-uploader__input"></div>
      </div>
    </div>
  </div>
  <div>
    <div class="ghb-uploader">
      <div class="ghb-uploader__wrapper ghb-uploader__wrapper--disabled">
        <div class="ghb-uploader__upload"><i class="ghb-icon ghb-icon-photograph ghb-uploader__upload-icon">
            <!----></i><input type="file" accept="image/*" disabled="disabled" class="ghb-uploader__input"></div>
      </div>
    </div>
  </div>
  <div>
    <div class="ghb-uploader">
      <div class="ghb-uploader__wrapper">
        <div class="ghb-uploader__preview">
          <div class="ghb-image ghb-uploader__preview-image"><img src="https://img01.yzcdn.cn/vant/leaf.jpg" class="ghb-image__img" style="object-fit: cover;">
            <div class="ghb-image__loading"><i class="ghb-icon ghb-icon-photo ghb-image__loading-icon">
                <!----></i></div>
          </div>
        </div>
        <div class="ghb-uploader__preview">
          <div class="ghb-image ghb-uploader__preview-image"><img src="https://img01.yzcdn.cn/vant/sand.jpg" class="ghb-image__img" style="object-fit: cover;">
            <div class="ghb-image__loading"><i class="ghb-icon ghb-icon-photo ghb-image__loading-icon">
                <!----></i></div>
          </div>
          <div class="ghb-uploader__preview-delete"><i class="ghb-icon ghb-icon-cross ghb-uploader__preview-delete-icon">
              <!----></i></div>
        </div>
        <div class="ghb-uploader__preview">
          <div class="ghb-image ghb-uploader__preview-image" style="width: 120px; height: 120px;"><img src="https://img01.yzcdn.cn/vant/tree.jpg" class="ghb-image__img" style="object-fit: contain;">
            <div class="ghb-image__loading"><i class="ghb-icon ghb-icon-photo ghb-image__loading-icon">
                <!----></i></div>
          </div>
          <div class="ghb-uploader__preview-delete"><i class="ghb-icon ghb-icon-cross ghb-uploader__preview-delete-icon">
              <!----></i></div>
        </div>
        <div class="ghb-uploader__upload"><i class="ghb-icon ghb-icon-photograph ghb-uploader__upload-icon">
            <!----></i><input multiple="multiple" type="file" accept="*" class="ghb-uploader__input"></div>
      </div>
    </div>
  </div>
</div>
`;
